Archive member included to satisfy reference by file (symbol)

C:/ST/STM32CubeIDE_1.17.0/STM32CubeIDE/plugins/com.st.stm32cube.ide.mcu.externaltools.gnu-tools-for-stm32.13.3.rel1.win32_1.0.0.202411081344/tools/bin/../lib/gcc/arm-none-eabi/13.3.1/../../../../arm-none-eabi/lib/thumb/v7e-m+fp/hard\libc_nano.a(libc_a-calloc.o)
                              ./Core/Src/modbus/db.o (calloc)
C:/ST/STM32CubeIDE_1.17.0/STM32CubeIDE/plugins/com.st.stm32cube.ide.mcu.externaltools.gnu-tools-for-stm32.13.3.rel1.win32_1.0.0.202411081344/tools/bin/../lib/gcc/arm-none-eabi/13.3.1/../../../../arm-none-eabi/lib/thumb/v7e-m+fp/hard\libc_nano.a(libc_a-callocr.o)
                              C:/ST/STM32CubeIDE_1.17.0/STM32CubeIDE/plugins/com.st.stm32cube.ide.mcu.externaltools.gnu-tools-for-stm32.13.3.rel1.win32_1.0.0.202411081344/tools/bin/../lib/gcc/arm-none-eabi/13.3.1/../../../../arm-none-eabi/lib/thumb/v7e-m+fp/hard\libc_nano.a(libc_a-calloc.o) (_calloc_r)
C:/ST/STM32CubeIDE_1.17.0/STM32CubeIDE/plugins/com.st.stm32cube.ide.mcu.externaltools.gnu-tools-for-stm32.13.3.rel1.win32_1.0.0.202411081344/tools/bin/../lib/gcc/arm-none-eabi/13.3.1/../../../../arm-none-eabi/lib/thumb/v7e-m+fp/hard\libc_nano.a(libc_a-exit.o)
                              C:/ST/STM32CubeIDE_1.17.0/STM32CubeIDE/plugins/com.st.stm32cube.ide.mcu.externaltools.gnu-tools-for-stm32.13.3.rel1.win32_1.0.0.202411081344/tools/bin/../lib/gcc/arm-none-eabi/13.3.1/../../../../arm-none-eabi/lib/thumb/v7e-m+fp/hard/crt0.o (exit)
C:/ST/STM32CubeIDE_1.17.0/STM32CubeIDE/plugins/com.st.stm32cube.ide.mcu.externaltools.gnu-tools-for-stm32.13.3.rel1.win32_1.0.0.202411081344/tools/bin/../lib/gcc/arm-none-eabi/13.3.1/../../../../arm-none-eabi/lib/thumb/v7e-m+fp/hard\libc_nano.a(libc_a-malloc.o)
                              ./Core/Src/ioLibrary_Driver-master/Internet/httpServer/httpServer.o (malloc)
C:/ST/STM32CubeIDE_1.17.0/STM32CubeIDE/plugins/com.st.stm32cube.ide.mcu.externaltools.gnu-tools-for-stm32.13.3.rel1.win32_1.0.0.202411081344/tools/bin/../lib/gcc/arm-none-eabi/13.3.1/../../../../arm-none-eabi/lib/thumb/v7e-m+fp/hard\libc_nano.a(libc_a-mallocr.o)
                              C:/ST/STM32CubeIDE_1.17.0/STM32CubeIDE/plugins/com.st.stm32cube.ide.mcu.externaltools.gnu-tools-for-stm32.13.3.rel1.win32_1.0.0.202411081344/tools/bin/../lib/gcc/arm-none-eabi/13.3.1/../../../../arm-none-eabi/lib/thumb/v7e-m+fp/hard\libc_nano.a(libc_a-callocr.o) (_malloc_r)
C:/ST/STM32CubeIDE_1.17.0/STM32CubeIDE/plugins/com.st.stm32cube.ide.mcu.externaltools.gnu-tools-for-stm32.13.3.rel1.win32_1.0.0.202411081344/tools/bin/../lib/gcc/arm-none-eabi/13.3.1/../../../../arm-none-eabi/lib/thumb/v7e-m+fp/hard\libc_nano.a(libc_a-mlock.o)
                              C:/ST/STM32CubeIDE_1.17.0/STM32CubeIDE/plugins/com.st.stm32cube.ide.mcu.externaltools.gnu-tools-for-stm32.13.3.rel1.win32_1.0.0.202411081344/tools/bin/../lib/gcc/arm-none-eabi/13.3.1/../../../../arm-none-eabi/lib/thumb/v7e-m+fp/hard\libc_nano.a(libc_a-mallocr.o) (__malloc_lock)
C:/ST/STM32CubeIDE_1.17.0/STM32CubeIDE/plugins/com.st.stm32cube.ide.mcu.externaltools.gnu-tools-for-stm32.13.3.rel1.win32_1.0.0.202411081344/tools/bin/../lib/gcc/arm-none-eabi/13.3.1/../../../../arm-none-eabi/lib/thumb/v7e-m+fp/hard\libc_nano.a(libc_a-strtol.o)
                              ./Core/Src/ioLibrary_Driver-master/Internet/TFTP/netutil.o (strtol)
C:/ST/STM32CubeIDE_1.17.0/STM32CubeIDE/plugins/com.st.stm32cube.ide.mcu.externaltools.gnu-tools-for-stm32.13.3.rel1.win32_1.0.0.202411081344/tools/bin/../lib/gcc/arm-none-eabi/13.3.1/../../../../arm-none-eabi/lib/thumb/v7e-m+fp/hard\libc_nano.a(libc_a-ctype_.o)
                              ./Core/Src/ioLibrary_Driver-master/Internet/SNMP/snmp.o (_ctype_)
C:/ST/STM32CubeIDE_1.17.0/STM32CubeIDE/plugins/com.st.stm32cube.ide.mcu.externaltools.gnu-tools-for-stm32.13.3.rel1.win32_1.0.0.202411081344/tools/bin/../lib/gcc/arm-none-eabi/13.3.1/../../../../arm-none-eabi/lib/thumb/v7e-m+fp/hard\libc_nano.a(libc_a-findfp.o)
                              C:/ST/STM32CubeIDE_1.17.0/STM32CubeIDE/plugins/com.st.stm32cube.ide.mcu.externaltools.gnu-tools-for-stm32.13.3.rel1.win32_1.0.0.202411081344/tools/bin/../lib/gcc/arm-none-eabi/13.3.1/../../../../arm-none-eabi/lib/thumb/v7e-m+fp/hard\libc_nano.a(libc_a-exit.o) (__stdio_exit_handler)
C:/ST/STM32CubeIDE_1.17.0/STM32CubeIDE/plugins/com.st.stm32cube.ide.mcu.externaltools.gnu-tools-for-stm32.13.3.rel1.win32_1.0.0.202411081344/tools/bin/../lib/gcc/arm-none-eabi/13.3.1/../../../../arm-none-eabi/lib/thumb/v7e-m+fp/hard\libc_nano.a(libc_a-fwalk.o)
                              C:/ST/STM32CubeIDE_1.17.0/STM32CubeIDE/plugins/com.st.stm32cube.ide.mcu.externaltools.gnu-tools-for-stm32.13.3.rel1.win32_1.0.0.202411081344/tools/bin/../lib/gcc/arm-none-eabi/13.3.1/../../../../arm-none-eabi/lib/thumb/v7e-m+fp/hard\libc_nano.a(libc_a-findfp.o) (_fwalk_sglue)
[...]
Memory Configuration

Name             Origin             Length             Attributes
CCMRAM           0x10000000         0x00001000         xrw
RAM              0x20000000         0x00003000         xrw
FLASH            0x08000000         0x00010000         xr
*default*        0x00000000         0xffffffff

Linker script and memory map

LOAD C:/ST/STM32CubeIDE_1.17.0/STM32CubeIDE/plugins/com.st.stm32cube.ide.mcu.externaltools.gnu-tools-for-stm32.13.3.rel1.win32_1.0.0.202411081344/tools/bin/../lib/gcc/arm-none-eabi/13.3.1/thumb/v7e-m+fp/hard/crti.o
LOAD C:/ST/STM32CubeIDE_1.17.0/STM32CubeIDE/plugins/com.st.stm32cube.ide.mcu.externaltools.gnu-tools-for-stm32.13.3.rel1.win32_1.0.0.202411081344/tools/bin/../lib/gcc/arm-none-eabi/13.3.1/thumb/v7e-m+fp/hard/crtbegin.o
LOAD C:/ST/STM32CubeIDE_1.17.0/STM32CubeIDE/plugins/com.st.stm32cube.ide.mcu.externaltools.gnu-tools-for-stm32.13.3.rel1.win32_1.0.0.202411081344/tools/bin/../lib/gcc/arm-none-eabi/13.3.1/../../../../arm-none-eabi/lib/thumb/v7e-m+fp/hard/crt0.o
LOAD ./Core/Src/ioLibrary_Driver-master/Application/loopback/loopback.o
LOAD ./Core/Src/ioLibrary_Driver-master/Application/multicast/multicast.o
LOAD ./Core/Src/ioLibrary_Driver-master/Ethernet/W5100/w5100.o
LOAD ./Core/Src/ioLibrary_Driver-master/Ethernet/W5100S/w5100s.o
LOAD ./Core/Src/ioLibrary_Driver-master/Ethernet/W5200/w5200.o
LOAD ./Core/Src/ioLibrary_Driver-master/Ethernet/W5300/w5300.o
LOAD ./Core/Src/ioLibrary_Driver-master/Ethernet/W5500/w5500.o
LOAD ./Core/Src/ioLibrary_Driver-master/Ethernet/W6100/w6100.o
LOAD ./Core/Src/ioLibrary_Driver-master/Ethernet/W6300/w6300.o
LOAD ./Core/Src/ioLibrary_Driver-master/Ethernet/socket.o
LOAD ./Core/Src/ioLibrary_Driver-master/Ethernet/wizchip_conf.o
LOAD ./Core/Src/ioLibrary_Driver-master/Internet/AAC/AddressAutoConfig.o
LOAD ./Core/Src/ioLibrary_Driver-master/Internet/DHCP/dhcp.o
LOAD ./Core/Src/ioLibrary_Driver-master/Internet/DHCP6/dhcpv6.o
LOAD ./Core/Src/ioLibrary_Driver-master/Internet/DNS/dns.o
LOAD ./Core/Src/ioLibrary_Driver-master/Internet/MQTT/MQTTClient.o
LOAD ./Core/Src/ioLibrary_Driver-master/Internet/MQTT/mqtt_interface.o
LOAD ./Core/Src/ioLibrary_Driver-master/Internet/MQTT/MQTTPacket/src/MQTTConnectClient.o
LOAD ./Core/Src/ioLibrary_Driver-master/Internet/MQTT/MQTTPacket/src/MQTTConnectServer.o
LOAD ./Core/Src/ioLibrary_Driver-master/Internet/MQTT/MQTTPacket/src/MQTTDeserializePublish.o
LOAD ./Core/Src/ioLibrary_Driver-master/Internet/MQTT/MQTTPacket/src/MQTTFormat.o
LOAD ./Core/Src/ioLibrary_Driver-master/Internet/MQTT/MQTTPacket/src/MQTTPacket.o
LOAD ./Core/Src/ioLibrary_Driver-master/Internet/MQTT/MQTTPacket/src/MQTTSerializePublish.o
LOAD ./Core/Src/ioLibrary_Driver-master/Internet/MQTT/MQTTPacket/src/MQTTSubscribeClient.o
LOAD ./Core/Src/ioLibrary_Driver-master/Internet/MQTT/MQTTPacket/src/MQTTSubscribeServer.o
LOAD ./Core/Src/ioLibrary_Driver-master/Internet/MQTT/MQTTPacket/src/MQTTUnsubscribeClient.o
LOAD ./Core/Src/ioLibrary_Driver-master/Internet/MQTT/MQTTPacket/src/MQTTUnsubscribeServer.o
LOAD ./Core/Src/ioLibrary_Driver-master/Internet/SNMP/snmp.o
LOAD ./Core/Src/ioLibrary_Driver-master/Internet/SNMP/snmp_custom.o
LOAD ./Core/Src/ioLibrary_Driver-master/Internet/SNTP/sntp.o
LOAD ./Core/Src/ioLibrary_Driver-master/Internet/TFTP/netutil.o
LOAD ./Core/Src/ioLibrary_Driver-master/Internet/TFTP/tftp.o
LOAD ./Core/Src/ioLibrary_Driver-master/Internet/httpServer/httpParser.o
LOAD ./Core/Src/ioLibrary_Driver-master/Internet/httpServer/httpServer.o
LOAD ./Core/Src/ioLibrary_Driver-master/Internet/httpServer/httpUtil.o
LOAD ./Core/Src/main.o
LOAD ./Core/Src/stm32f3xx_hal_msp.o
LOAD ./Core/Src/stm32f3xx_it.o
LOAD ./Core/Src/syscalls.o
LOAD ./Core/Src/sysmem.o
LOAD ./Core/Src/system_stm32f3xx.o
LOAD ./Core/Src/modbus/db.o
LOAD ./Core/Src/modbus/modbus.o
LOAD ./Core/Src/modbus/modbusMaster.o
LOAD ./Core/Startup/startup_stm32f303k8tx.o
LOAD ./Drivers/STM32F3xx_HAL_Driver/Src/stm32f3xx_hal.o
LOAD ./Drivers/STM32F3xx_HAL_Driver/Src/stm32f3xx_hal_cortex.o
LOAD ./Drivers/STM32F3xx_HAL_Driver/Src/stm32f3xx_hal_dma.o
LOAD ./Drivers/STM32F3xx_HAL_Driver/Src/stm32f3xx_hal_exti.o
LOAD ./Drivers/STM32F3xx_HAL_Driver/Src/stm32f3xx_hal_flash.o
LOAD ./Drivers/STM32F3xx_HAL_Driver/Src/stm32f3xx_hal_flash_ex.o
LOAD ./Drivers/STM32F3xx_HAL_Driver/Src/stm32f3xx_hal_gpio.o
LOAD ./Drivers/STM32F3xx_HAL_Driver/Src/stm32f3xx_hal_i2c.o
LOAD ./Drivers/STM32F3xx_HAL_Driver/Src/stm32f3xx_hal_i2c_ex.o
LOAD ./Drivers/STM32F3xx_HAL_Driver/Src/stm32f3xx_hal_pwr.o
LOAD ./Drivers/STM32F3xx_HAL_Driver/Src/stm32f3xx_hal_pwr_ex.o
LOAD ./Drivers/STM32F3xx_HAL_Driver/Src/stm32f3xx_hal_rcc.o
LOAD ./Drivers/STM32F3xx_HAL_Driver/Src/stm32f3xx_hal_rcc_ex.o
LOAD ./Drivers/STM32F3xx_HAL_Driver/Src/stm32f3xx_hal_spi.o
LOAD ./Drivers/STM32F3xx_HAL_Driver/Src/stm32f3xx_hal_spi_ex.o
LOAD ./Drivers/STM32F3xx_HAL_Driver/Src/stm32f3xx_hal_uart.o
LOAD ./Drivers/STM32F3xx_HAL_Driver/Src/stm32f3xx_hal_uart_ex.o
START GROUP
LOAD C:/ST/STM32CubeIDE_1.17.0/STM32CubeIDE/plugins/com.st.stm32cube.ide.mcu.externaltools.gnu-tools-for-stm32.13.3.rel1.win32_1.0.0.202411081344/tools/bin/../lib/gcc/arm-none-eabi/13.3.1/../../../../arm-none-eabi/lib/thumb/v7e-m+fp/hard\libc_nano.a
LOAD C:/ST/STM32CubeIDE_1.17.0/STM32CubeIDE/plugins/com.st.stm32cube.ide.mcu.externaltools.gnu-tools-for-stm32.13.3.rel1.win32_1.0.0.202411081344/tools/bin/../lib/gcc/arm-none-eabi/13.3.1/../../../../arm-none-eabi/lib/thumb/v7e-m+fp/hard\libm.a
END GROUP
START GROUP
LOAD C:/ST/STM32CubeIDE_1.17.0/STM32CubeIDE/plugins/com.st.stm32cube.ide.mcu.externaltools.gnu-tools-for-stm32.13.3.rel1.win32_1.0.0.202411081344/tools/bin/../lib/gcc/arm-none-eabi/13.3.1/thumb/v7e-m+fp/hard\libgcc.a
LOAD C:/ST/STM32CubeIDE_1.17.0/STM32CubeIDE/plugins/com.st.stm32cube.ide.mcu.externaltools.gnu-tools-for-stm32.13.3.rel1.win32_1.0.0.202411081344/tools/bin/../lib/gcc/arm-none-eabi/13.3.1/../../../../arm-none-eabi/lib/thumb/v7e-m+fp/hard\libc_nano.a
END GROUP
START GROUP
LOAD C:/ST/STM32CubeIDE_1.17.0/STM32CubeIDE/plugins/com.st.stm32cube.ide.mcu.externaltools.gnu-tools-for-stm32.13.3.rel1.win32_1.0.0.202411081344/tools/bin/../lib/gcc/arm-none-eabi/13.3.1/thumb/v7e-m+fp/hard\libgcc.a
LOAD C:/ST/STM32CubeIDE_1.17.0/STM32CubeIDE/plugins/com.st.stm32cube.ide.mcu.externaltools.gnu-tools-for-stm32.13.3.rel1.win32_1.0.0.202411081344/tools/bin/../lib/gcc/arm-none-eabi/13.3.1/../../../../arm-none-eabi/lib/thumb/v7e-m+fp/hard\libc_nano.a
LOAD C:/ST/STM32CubeIDE_1.17.0/STM32CubeIDE/plugins/com.st.stm32cube.ide.mcu.externaltools.gnu-tools-for-stm32.13.3.rel1.win32_1.0.0.202411081344/tools/bin/../lib/gcc/arm-none-eabi/13.3.1/../../../../arm-none-eabi/lib/thumb/v7e-m+fp/hard\libnosys.a
END GROUP
START GROUP
LOAD C:/ST/STM32CubeIDE_1.17.0/STM32CubeIDE/plugins/com.st.stm32cube.ide.mcu.externaltools.gnu-tools-for-stm32.13.3.rel1.win32_1.0.0.202411081344/tools/bin/../lib/gcc/arm-none-eabi/13.3.1/thumb/v7e-m+fp/hard\libgcc.a
LOAD C:/ST/STM32CubeIDE_1.17.0/STM32CubeIDE/plugins/com.st.stm32cube.ide.mcu.externaltools.gnu-tools-for-stm32.13.3.rel1.win32_1.0.0.202411081344/tools/bin/../lib/gcc/arm-none-eabi/13.3.1/../../../../arm-none-eabi/lib/thumb/v7e-m+fp/hard\libc_nano.a
LOAD C:/ST/STM32CubeIDE_1.17.0/STM32CubeIDE/plugins/com.st.stm32cube.ide.mcu.externaltools.gnu-tools-for-stm32.13.3.rel1.win32_1.0.0.202411081344/tools/bin/../lib/gcc/arm-none-eabi/13.3.1/../../../../arm-none-eabi/lib/thumb/v7e-m+fp/hard\libnosys.a
END GROUP
LOAD C:/ST/STM32CubeIDE_1.17.0/STM32CubeIDE/plugins/com.st.stm32cube.ide.mcu.externaltools.gnu-tools-for-stm32.13.3.rel1.win32_1.0.0.202411081344/tools/bin/../lib/gcc/arm-none-eabi/13.3.1/thumb/v7e-m+fp/hard/crtend.o
LOAD C:/ST/STM32CubeIDE_1.17.0/STM32CubeIDE/plugins/com.st.stm32cube.ide.mcu.externaltools.gnu-tools-for-stm32.13.3.rel1.win32_1.0.0.202411081344/tools/bin/../lib/gcc/arm-none-eabi/13.3.1/thumb/v7e-m+fp/hard/crtn.o
                0x20003000                        _estack = (ORIGIN (RAM) + LENGTH (RAM))
                0x00000200                        _Min_Heap_Size = 0x200
                0x00000400                        _Min_Stack_Size = 0x400

.isr_vector     0x08000000      0x188
                0x08000000                        . = ALIGN (0x4)
 *(.isr_vector)
 .isr_vector    0x08000000      0x188 ./Core/Startup/startup_stm32f303k8tx.o
                0x08000000                g_pfnVectors
                0x08000188                        . = ALIGN (0x4)

.text           0x08000190     0x63c4
                0x08000190                        . = ALIGN (0x4)
 *(.text)
 .text          0x08000190       0x40 C:/ST/STM32CubeIDE_1.17.0/STM32CubeIDE/plugins/com.st.stm32cube.ide.mcu.externaltools.gnu-tools-for-stm32.13.3.rel1.win32_1.0.0.202411081344/tools/bin/../lib/gcc/arm-none-eabi/13.3.1/thumb/v7e-m+fp/hard/crtbegin.o
 .text          0x080001d0       0x10 C:/ST/STM32CubeIDE_1.17.0/STM32CubeIDE/plugins/com.st.stm32cube.ide.mcu.externaltools.gnu-tools-for-stm32.13.3.rel1.win32_1.0.0.202411081344/tools/bin/../lib/gcc/arm-none-eabi/13.3.1/../../../../arm-none-eabi/lib/thumb/v7e-m+fp/hard\libc_nano.a(libc_a-strlen.o)
                0x080001d0                strlen
 .text          0x080001e0       0xa0 C:/ST/STM32CubeIDE_1.17.0/STM32CubeIDE/plugins/com.st.stm32cube.ide.mcu.externaltools.gnu-tools-for-stm32.13.3.rel1.win32_1.0.0.202411081344/tools/bin/../lib/gcc/arm-none-eabi/13.3.1/../../../../arm-none-eabi/lib/thumb/v7e-m+fp/hard\libc_nano.a(libc_a-memchr.o)
                0x080001e0                memchr
 *(.text*)
 .text.WIZCHIP_READ
                0x08000280       0x98 ./Core/Src/ioLibrary_Driver-master/Ethernet/W5500/w5500.o
                0x08000280                WIZCHIP_READ
 .text.WIZCHIP_WRITE
                0x08000318       0x9c ./Core/Src/ioLibrary_Driver-master/Ethernet/W5500/w5500.o
                0x08000318                WIZCHIP_WRITE
 .text.WIZCHIP_READ_BUF
                0x080003b4       0xc0 ./Core/Src/ioLibrary_Driver-master/Ethernet/W5500/w5500.o
                0x080003b4                WIZCHIP_READ_BUF
 .text.WIZCHIP_WRITE_BUF
                0x08000474       0xc0 ./Core/Src/ioLibrary_Driver-master/Ethernet/W5500/w5500.o
                0x08000474                WIZCHIP_WRITE_BUF
 .text.getSn_TX_FSR
                0x08000534       0x92 ./Core/Src/ioLibrary_Driver-master/Ethernet/W5500/w5500.o
                0x08000534                getSn_TX_FSR
 .text.getSn_RX_RSR
                0x080005c6       0x92 ./Core/Src/ioLibrary_Driver-master/Ethernet/W5500/w5500.o
                0x080005c6                getSn_RX_RSR
 .text.wiz_send_data
                0x08000658       0xb4 ./Core/Src/ioLibrary_Driver-master/Ethernet/W5500/w5500.o
                0x08000658                wiz_send_data
 .text.wiz_recv_data
                0x0800070c       0xb4 ./Core/Src/ioLibrary_Driver-master/Ethernet/W5500/w5500.o
                0x0800070c                wiz_recv_data
 .text.socket   0x080007c0      0x268 ./Core/Src/ioLibrary_Driver-master/Ethernet/socket.o
                0x080007c0                socket
 .text.close    0x08000a28       0xdc ./Core/Src/ioLibrary_Driver-master/Ethernet/socket.o
                0x08000a28                close
 .text.listen   0x08000b04       0xb2 ./Core/Src/ioLibrary_Driver-master/Ethernet/socket.o
                0x08000b04                listen
 *fill*         0x08000bb6        0x2 
 .text.disconnect
                0x08000bb8      0x104 ./Core/Src/ioLibrary_Driver-master/Ethernet/socket.o
                0x08000bb8                disconnect
 .text.send     0x08000cbc      0x2a8 ./Core/Src/ioLibrary_Driver-master/Ethernet/socket.o
                0x08000cbc                send
 .text.recv     0x08000f64      0x164 ./Core/Src/ioLibrary_Driver-master/Ethernet/socket.o
                0x08000f64                recv
 .text.wizchip_cris_enter
                0x080010c8        0xe ./Core/Src/ioLibrary_Driver-master/Ethernet/wizchip_conf.o
                0x080010c8                wizchip_cris_enter
 .text.wizchip_cris_exit
                0x080010d6        0xe ./Core/Src/ioLibrary_Driver-master/Ethernet/wizchip_conf.o
                0x080010d6                wizchip_cris_exit
 .text.wizchip_cs_select
                0x080010e4        0xe ./Core/Src/ioLibrary_Driver-master/Ethernet/wizchip_conf.o
                0x080010e4                wizchip_cs_select
 .text.wizchip_cs_deselect
                0x080010f2        0xe ./Core/Src/ioLibrary_Driver-master/Ethernet/wizchip_conf.o
                0x080010f2                wizchip_cs_deselect
 .text.wizchip_bus_readdata
                0x08001100       0x1a ./Core/Src/ioLibrary_Driver-master/Ethernet/wizchip_conf.o
                0x08001100                wizchip_bus_readdata
 .text.wizchip_bus_writedata
                0x0800111a       0x1e ./Core/Src/ioLibrary_Driver-master/Ethernet/wizchip_conf.o
                0x0800111a                wizchip_bus_writedata
 .text.wizchip_spi_readbyte
                0x08001138       0x10 ./Core/Src/ioLibrary_Driver-master/Ethernet/wizchip_conf.o
                0x08001138                wizchip_spi_readbyte
 .text.wizchip_spi_writebyte
                0x08001148       0x16 ./Core/Src/ioLibrary_Driver-master/Ethernet/wizchip_conf.o
                0x08001148                wizchip_spi_writebyte
 *fill*         0x0800115e        0x2 
 .text.wizchip_spi_readburst
                0x08001160       0x40 ./Core/Src/ioLibrary_Driver-master/Ethernet/wizchip_conf.o
                0x08001160                wizchip_spi_readburst
 .text.wizchip_spi_writeburst
                0x080011a0       0x40 ./Core/Src/ioLibrary_Driver-master/Ethernet/wizchip_conf.o
                0x080011a0                wizchip_spi_writeburst
 .text.reg_wizchip_cs_cbfunc
                0x080011e0       0x4c ./Core/Src/ioLibrary_Driver-master/Ethernet/wizchip_conf.o
                0x080011e0                reg_wizchip_cs_cbfunc
 .text.reg_wizchip_spi_cbfunc
                0x0800122c       0x58 ./Core/Src/ioLibrary_Driver-master/Ethernet/wizchip_conf.o
                0x0800122c                reg_wizchip_spi_cbfunc
 .text.reg_wizchip_spiburst_cbfunc
                0x08001284       0x58 ./Core/Src/ioLibrary_Driver-master/Ethernet/wizchip_conf.o
                0x08001284                reg_wizchip_spiburst_cbfunc
 .text.wizchip_sw_reset
                0x080012dc       0x98 ./Core/Src/ioLibrary_Driver-master/Ethernet/wizchip_conf.o
                0x080012dc                wizchip_sw_reset
 .text.wizchip_init
                0x08001374      0x118 ./Core/Src/ioLibrary_Driver-master/Ethernet/wizchip_conf.o
                0x08001374                wizchip_init
 .text.wizchip_setnetinfo
                0x0800148c       0x80 ./Core/Src/ioLibrary_Driver-master/Ethernet/wizchip_conf.o
                0x0800148c                wizchip_setnetinfo
 .text.myPrintf
                0x0800150c       0xc8 ./Core/Src/main.o
                0x0800150c                myPrintf
 .text.wizchipSelect
                0x080015d4       0x14 ./Core/Src/main.o
                0x080015d4                wizchipSelect
 .text.wizchipUnselect
                0x080015e8       0x14 ./Core/Src/main.o
                0x080015e8                wizchipUnselect
 .text.wizchipReadBurst
                0x080015fc       0x28 ./Core/Src/main.o
                0x080015fc                wizchipReadBurst
 .text.wizchipWriteBurst
                0x08001624       0x28 ./Core/Src/main.o
                0x08001624                wizchipWriteBurst
 .text.wizchipReadByte
                0x0800164c       0x1a ./Core/Src/main.o
                0x0800164c                wizchipReadByte
 .text.wizchipWriteByte
                0x08001666       0x1c ./Core/Src/main.o
                0x08001666                wizchipWriteByte
 *fill*         0x08001682        0x2 
 .text.wizChipInit
                0x08001684       0x64 ./Core/Src/main.o
                0x08001684                wizChipInit
 .text.checkLinkStatus
                0x080016e8       0x2a ./Core/Src/main.o
                0x080016e8                checkLinkStatus
 *fill*         0x08001712        0x2 
 .text.slaveCallback
                0x08001714       0x74 ./Core/Src/main.o
                0x08001714                slaveCallback
 .text.main     0x08001788      0x4bc ./Core/Src/main.o
                0x08001788                main
 .text.SystemClock_Config
                0x08001c44       0x76 ./Core/Src/main.o
                0x08001c44                SystemClock_Config
 *fill*         0x08001cba        0x2 
 .text.MX_SPI1_Init
                0x08001cbc       0x7c ./Core/Src/main.o
 .text.MX_USART2_UART_Init
                0x08001d38       0x60 ./Core/Src/main.o
 .text.MX_GPIO_Init
                0x08001d98       0xc0 ./Core/Src/main.o
 .text.Error_Handler
                0x08001e58        0xc ./Core/Src/main.o
                0x08001e58                Error_Handler
 .text.HAL_MspInit
                0x08001e64       0x48 ./Core/Src/stm32f3xx_hal_msp.o
                0x08001e64                HAL_MspInit
 .text.HAL_SPI_MspInit
                0x08001eac       0x84 ./Core/Src/stm32f3xx_hal_msp.o
                0x08001eac                HAL_SPI_MspInit
 .text.HAL_UART_MspInit
                0x08001f30       0x88 ./Core/Src/stm32f3xx_hal_msp.o
                0x08001f30                HAL_UART_MspInit
 .text.NMI_Handler
                0x08001fb8        0x8 ./Core/Src/stm32f3xx_it.o
                0x08001fb8                NMI_Handler
 .text.HardFault_Handler
                0x08001fc0        0x8 ./Core/Src/stm32f3xx_it.o
                0x08001fc0                HardFault_Handler
 .text.MemManage_Handler
                0x08001fc8        0x8 ./Core/Src/stm32f3xx_it.o
                0x08001fc8                MemManage_Handler
 .text.BusFault_Handler
                0x08001fd0        0x8 ./Core/Src/stm32f3xx_it.o
                0x08001fd0                BusFault_Handler
 .text.UsageFault_Handler
                0x08001fd8        0x8 ./Core/Src/stm32f3xx_it.o
                0x08001fd8                UsageFault_Handler
 .text.SVC_Handler
                0x08001fe0        0xe ./Core/Src/stm32f3xx_it.o
                0x08001fe0                SVC_Handler
 .text.DebugMon_Handler
                0x08001fee        0xe ./Core/Src/stm32f3xx_it.o
                0x08001fee                DebugMon_Handler
 .text.PendSV_Handler
                0x08001ffc        0xe ./Core/Src/stm32f3xx_it.o
                0x08001ffc                PendSV_Handler
 .text.SysTick_Handler
                0x0800200a        0xc ./Core/Src/stm32f3xx_it.o
                0x0800200a                SysTick_Handler
 *fill*         0x08002016        0x2 
 .text._sbrk    0x08002018       0x6c ./Core/Src/sysmem.o
                0x08002018                _sbrk
 .text.SystemInit
                0x08002084       0x24 ./Core/Src/system_stm32f3xx.o
                0x08002084                SystemInit
 .text.initModbusSlaveData
                0x080020a8       0xd0 ./Core/Src/modbus/db.o
                0x080020a8                initModbusSlaveData
 .text.dbGetDiscreteInputState
                0x08002178       0x42 ./Core/Src/modbus/db.o
                0x08002178                dbGetDiscreteInputState
 .text.dbGetHoldingRegister
                0x080021ba       0x20 ./Core/Src/modbus/db.o
                0x080021ba                dbGetHoldingRegister
 .text.dbSetHoldingRegister
                0x080021da       0x26 ./Core/Src/modbus/db.o
                0x080021da                dbSetHoldingRegister
 .text.setHoldingRegister
                0x08002200       0x4a ./Core/Src/modbus/db.o
                0x08002200                setHoldingRegister
 .text.dbSetCoilState
                0x0800224a       0x78 ./Core/Src/modbus/db.o
                0x0800224a                dbSetCoilState
 .text.dbGetCoilState
                0x080022c2       0x42 ./Core/Src/modbus/db.o
                0x080022c2                dbGetCoilState
 .text.getCoilState
                0x08002304       0x44 ./Core/Src/modbus/db.o
                0x08002304                getCoilState
 .text.generateModbusException
                0x08002348       0x4c ./Core/Src/modbus/modbus.o
 .text.handleReadDiscreteInputs
                0x08002394      0x140 ./Core/Src/modbus/modbus.o
 .text.handleReadHoldingRegisters
                0x080024d4       0xec ./Core/Src/modbus/modbus.o
 .text.handleWriteMultipleRegisters
                0x080025c0      0x100 ./Core/Src/modbus/modbus.o
 .text.handleWriteMultipleCoils
                0x080026c0       0xfa ./Core/Src/modbus/modbus.o
 .text.handleWriteSingleCoil
                0x080027ba       0xb6 ./Core/Src/modbus/modbus.o
 .text.parseModbusFrame
                0x08002870      0x11c ./Core/Src/modbus/modbus.o
 .text.handleModbusRequest
                0x0800298c       0x40 ./Core/Src/modbus/modbus.o
                0x0800298c                handleModbusRequest
 .text.writeDataToHoldingRegisters
                0x080029cc       0x7c ./Core/Src/modbus/modbus.o
                0x080029cc                writeDataToHoldingRegisters
 .text.Reset_Handler
                0x08002a48       0x50 ./Core/Startup/startup_stm32f303k8tx.o
                0x08002a48                Reset_Handler
 .text.Default_Handler
                0x08002a98        0x2 ./Core/Startup/startup_stm32f303k8tx.o
                0x08002a98                RTC_Alarm_IRQHandler
                0x08002a98                TIM1_CC_IRQHandler
                0x08002a98                PVD_IRQHandler
                0x08002a98                TAMP_STAMP_IRQHandler
                0x08002a98                EXTI3_IRQHandler
                0x08002a98                EXTI0_IRQHandler
                0x08002a98                FPU_IRQHandler
                0x08002a98                CAN_TX_IRQHandler
                0x08002a98                TIM1_UP_TIM16_IRQHandler
                0x08002a98                ADC1_2_IRQHandler
                0x08002a98                SPI1_IRQHandler
                0x08002a98                CAN_SCE_IRQHandler
                0x08002a98                DMA1_Channel4_IRQHandler
                0x08002a98                USART3_IRQHandler
                0x08002a98                DMA1_Channel7_IRQHandler
                0x08002a98                TIM7_DAC2_IRQHandler
                0x08002a98                CAN_RX1_IRQHandler
                0x08002a98                I2C1_EV_IRQHandler
                0x08002a98                DMA1_Channel6_IRQHandler
                0x08002a98                TIM3_IRQHandler
                0x08002a98                RCC_IRQHandler
                0x08002a98                DMA1_Channel1_IRQHandler
                0x08002a98                Default_Handler
                0x08002a98                EXTI15_10_IRQHandler
                0x08002a98                COMP2_IRQHandler
                0x08002a98                TIM6_DAC1_IRQHandler
                0x08002a98                EXTI9_5_IRQHandler
                0x08002a98                RTC_WKUP_IRQHandler
                0x08002a98                DMA1_Channel5_IRQHandler
                0x08002a98                EXTI4_IRQHandler
                0x08002a98                TIM1_TRG_COM_TIM17_IRQHandler
                0x08002a98                DMA1_Channel3_IRQHandler
                0x08002a98                WWDG_IRQHandler
                0x08002a98                TIM2_IRQHandler
                0x08002a98                EXTI1_IRQHandler
                0x08002a98                COMP4_6_IRQHandler
                0x08002a98                USART2_IRQHandler
                0x08002a98                DMA1_Channel2_IRQHandler
                0x08002a98                FLASH_IRQHandler
                0x08002a98                USART1_IRQHandler
                0x08002a98                CAN_RX0_IRQHandler
                0x08002a98                I2C1_ER_IRQHandler
                0x08002a98                EXTI2_TSC_IRQHandler
                0x08002a98                TIM1_BRK_TIM15_IRQHandler
 *fill*         0x08002a9a        0x2 
 .text.HAL_Init
                0x08002a9c       0x2c ./Drivers/STM32F3xx_HAL_Driver/Src/stm32f3xx_hal.o
                0x08002a9c                HAL_Init
 .text.HAL_InitTick
                0x08002ac8       0x60 ./Drivers/STM32F3xx_HAL_Driver/Src/stm32f3xx_hal.o
                0x08002ac8                HAL_InitTick
 .text.HAL_IncTick
                0x08002b28       0x28 ./Drivers/STM32F3xx_HAL_Driver/Src/stm32f3xx_hal.o
                0x08002b28                HAL_IncTick
 .text.HAL_GetTick
                0x08002b50       0x18 ./Drivers/STM32F3xx_HAL_Driver/Src/stm32f3xx_hal.o
                0x08002b50                HAL_GetTick
 .text.HAL_Delay
                0x08002b68       0x48 ./Drivers/STM32F3xx_HAL_Driver/Src/stm32f3xx_hal.o
                0x08002b68                HAL_Delay
 .text.__NVIC_SetPriorityGrouping
                0x08002bb0       0x48 ./Drivers/STM32F3xx_HAL_Driver/Src/stm32f3xx_hal_cortex.o
 .text.__NVIC_GetPriorityGrouping
                0x08002bf8       0x1c ./Drivers/STM32F3xx_HAL_Driver/Src/stm32f3xx_hal_cortex.o
 .text.__NVIC_SetPriority
                0x08002c14       0x54 ./Drivers/STM32F3xx_HAL_Driver/Src/stm32f3xx_hal_cortex.o
 .text.NVIC_EncodePriority
                0x08002c68       0x66 ./Drivers/STM32F3xx_HAL_Driver/Src/stm32f3xx_hal_cortex.o
 *fill*         0x08002cce        0x2 
 .text.SysTick_Config
                0x08002cd0       0x44 ./Drivers/STM32F3xx_HAL_Driver/Src/stm32f3xx_hal_cortex.o
 .text.HAL_NVIC_SetPriorityGrouping
                0x08002d14       0x16 ./Drivers/STM32F3xx_HAL_Driver/Src/stm32f3xx_hal_cortex.o
                0x08002d14                HAL_NVIC_SetPriorityGrouping
 .text.HAL_NVIC_SetPriority
                0x08002d2a       0x38 ./Drivers/STM32F3xx_HAL_Driver/Src/stm32f3xx_hal_cortex.o
                0x08002d2a                HAL_NVIC_SetPriority
 .text.HAL_SYSTICK_Config
                0x08002d62       0x18 ./Drivers/STM32F3xx_HAL_Driver/Src/stm32f3xx_hal_cortex.o
                0x08002d62                HAL_SYSTICK_Config
 *fill*         0x08002d7a        0x2 
 .text.HAL_GPIO_Init
                0x08002d7c      0x2e4 ./Drivers/STM32F3xx_HAL_Driver/Src/stm32f3xx_hal_gpio.o
                0x08002d7c                HAL_GPIO_Init
 .text.HAL_GPIO_WritePin
                0x08003060       0x30 ./Drivers/STM32F3xx_HAL_Driver/Src/stm32f3xx_hal_gpio.o
                0x08003060                HAL_GPIO_WritePin
 .text.HAL_RCC_OscConfig
                0x08003090     0x101c ./Drivers/STM32F3xx_HAL_Driver/Src/stm32f3xx_hal_rcc.o
                0x08003090                HAL_RCC_OscConfig
 .text.HAL_RCC_ClockConfig
                0x080040ac      0x2dc ./Drivers/STM32F3xx_HAL_Driver/Src/stm32f3xx_hal_rcc.o
                0x080040ac                HAL_RCC_ClockConfig
 .text.HAL_RCC_GetSysClockFreq
                0x08004388       0xa8 ./Drivers/STM32F3xx_HAL_Driver/Src/stm32f3xx_hal_rcc.o
                0x08004388                HAL_RCC_GetSysClockFreq
 .text.HAL_RCC_GetHCLKFreq
                0x08004430       0x18 ./Drivers/STM32F3xx_HAL_Driver/Src/stm32f3xx_hal_rcc.o
                0x08004430                HAL_RCC_GetHCLKFreq
 .text.HAL_RCC_GetPCLK1Freq
                0x08004448       0x44 ./Drivers/STM32F3xx_HAL_Driver/Src/stm32f3xx_hal_rcc.o
                0x08004448                HAL_RCC_GetPCLK1Freq
 .text.HAL_RCC_GetPCLK2Freq
                0x0800448c       0x44 ./Drivers/STM32F3xx_HAL_Driver/Src/stm32f3xx_hal_rcc.o
                0x0800448c                HAL_RCC_GetPCLK2Freq
 .text.HAL_SPI_Init
                0x080044d0      0x146 ./Drivers/STM32F3xx_HAL_Driver/Src/stm32f3xx_hal_spi.o
                0x080044d0                HAL_SPI_Init
 .text.HAL_SPI_Transmit
                0x08004616      0x2ea ./Drivers/STM32F3xx_HAL_Driver/Src/stm32f3xx_hal_spi.o
                0x08004616                HAL_SPI_Transmit
 .text.HAL_SPI_Receive
                0x08004900      0x26e ./Drivers/STM32F3xx_HAL_Driver/Src/stm32f3xx_hal_spi.o
                0x08004900                HAL_SPI_Receive
 .text.HAL_SPI_TransmitReceive
                0x08004b6e      0x444 ./Drivers/STM32F3xx_HAL_Driver/Src/stm32f3xx_hal_spi.o
                0x08004b6e                HAL_SPI_TransmitReceive
 *fill*         0x08004fb2        0x2 
 .text.SPI_WaitFlagStateUntilTimeout
                0x08004fb4      0x110 ./Drivers/STM32F3xx_HAL_Driver/Src/stm32f3xx_hal_spi.o
 .text.SPI_WaitFifoStateUntilTimeout
                0x080050c4      0x12c ./Drivers/STM32F3xx_HAL_Driver/Src/stm32f3xx_hal_spi.o
 .text.SPI_EndRxTransaction
                0x080051f0       0xb0 ./Drivers/STM32F3xx_HAL_Driver/Src/stm32f3xx_hal_spi.o
 .text.SPI_EndRxTxTransaction
                0x080052a0       0x8c ./Drivers/STM32F3xx_HAL_Driver/Src/stm32f3xx_hal_spi.o
 .text.HAL_UART_Init
                0x0800532c       0x9c ./Drivers/STM32F3xx_HAL_Driver/Src/stm32f3xx_hal_uart.o
                0x0800532c                HAL_UART_Init
 .text.HAL_UART_Transmit
                0x080053c8      0x112 ./Drivers/STM32F3xx_HAL_Driver/Src/stm32f3xx_hal_uart.o
                0x080053c8                HAL_UART_Transmit
 *fill*         0x080054da        0x2 
 .text.UART_SetConfig
                0x080054dc      0x26c ./Drivers/STM32F3xx_HAL_Driver/Src/stm32f3xx_hal_uart.o
                0x080054dc                UART_SetConfig
 .text.UART_AdvFeatureConfig
                0x08005748      0x144 ./Drivers/STM32F3xx_HAL_Driver/Src/stm32f3xx_hal_uart.o
                0x08005748                UART_AdvFeatureConfig
 .text.UART_CheckIdleState
                0x0800588c      0x150 ./Drivers/STM32F3xx_HAL_Driver/Src/stm32f3xx_hal_uart.o
                0x0800588c                UART_CheckIdleState
 .text.UART_WaitOnFlagUntilTimeout
                0x080059dc       0xda ./Drivers/STM32F3xx_HAL_Driver/Src/stm32f3xx_hal_uart.o
                0x080059dc                UART_WaitOnFlagUntilTimeout
 .text.UART_EndRxTransfer
                0x08005ab6       0xc8 ./Drivers/STM32F3xx_HAL_Driver/Src/stm32f3xx_hal_uart.o
 *fill*         0x08005b7e        0x2 
 .text.calloc   0x08005b80       0x10 C:/ST/STM32CubeIDE_1.17.0/STM32CubeIDE/plugins/com.st.stm32cube.ide.mcu.externaltools.gnu-tools-for-stm32.13.3.rel1.win32_1.0.0.202411081344/tools/bin/../lib/gcc/arm-none-eabi/13.3.1/../../../../arm-none-eabi/lib/thumb/v7e-m+fp/hard\libc_nano.a(libc_a-calloc.o)
                0x08005b80                calloc
 .text._calloc_r
                0x08005b90       0x28 C:/ST/STM32CubeIDE_1.17.0/STM32CubeIDE/plugins/com.st.stm32cube.ide.mcu.externaltools.gnu-tools-for-stm32.13.3.rel1.win32_1.0.0.202411081344/tools/bin/../lib/gcc/arm-none-eabi/13.3.1/../../../../arm-none-eabi/lib/thumb/v7e-m+fp/hard\libc_nano.a(libc_a-callocr.o)
                0x08005b90                _calloc_r
 .text.free     0x08005bb8       0x10 C:/ST/STM32CubeIDE_1.17.0/STM32CubeIDE/plugins/com.st.stm32cube.ide.mcu.externaltools.gnu-tools-for-stm32.13.3.rel1.win32_1.0.0.202411081344/tools/bin/../lib/gcc/arm-none-eabi/13.3.1/../../../../arm-none-eabi/lib/thumb/v7e-m+fp/hard\libc_nano.a(libc_a-malloc.o)
                0x08005bb8                free
 .text.sbrk_aligned
                0x08005bc8       0x44 C:/ST/STM32CubeIDE_1.17.0/STM32CubeIDE/plugins/com.st.stm32cube.ide.mcu.externaltools.gnu-tools-for-stm32.13.3.rel1.win32_1.0.0.202411081344/tools/bin/../lib/gcc/arm-none-eabi/13.3.1/../../../../arm-none-eabi/lib/thumb/v7e-m+fp/hard\libc_nano.a(libc_a-mallocr.o)
 .text._malloc_r
                0x08005c0c      0x100 C:/ST/STM32CubeIDE_1.17.0/STM32CubeIDE/plugins/com.st.stm32cube.ide.mcu.externaltools.gnu-tools-for-stm32.13.3.rel1.win32_1.0.0.202411081344/tools/bin/../lib/gcc/arm-none-eabi/13.3.1/../../../../arm-none-eabi/lib/thumb/v7e-m+fp/hard\libc_nano.a(libc_a-mallocr.o)
                0x08005c0c                _malloc_r
 .text.__malloc_lock
                0x08005d0c        0xc C:/ST/STM32CubeIDE_1.17.0/STM32CubeIDE/plugins/com.st.stm32cube.ide.mcu.externaltools.gnu-tools-for-stm32.13.3.rel1.win32_1.0.0.202411081344/tools/bin/../lib/gcc/arm-none-eabi/13.3.1/../../../../arm-none-eabi/lib/thumb/v7e-m+fp/hard\libc_nano.a(libc_a-mlock.o)
                0x08005d0c                __malloc_lock
 .text.__malloc_unlock
                0x08005d18        0xc C:/ST/STM32CubeIDE_1.17.0/STM32CubeIDE/plugins/com.st.stm32cube.ide.mcu.externaltools.gnu-tools-for-stm32.13.3.rel1.win32_1.0.0.202411081344/tools/bin/../lib/gcc/arm-none-eabi/13.3.1/../../../../arm-none-eabi/lib/thumb/v7e-m+fp/hard\libc_nano.a(libc_a-mlock.o)
                0x08005d18                __malloc_unlock
 .text._vsnprintf_r
                0x08005d24       0x5c C:/ST/STM32CubeIDE_1.17.0/STM32CubeIDE/plugins/com.st.stm32cube.ide.mcu.externaltools.gnu-tools-for-stm32.13.3.rel1.win32_1.0.0.202411081344/tools/bin/../lib/gcc/arm-none-eabi/13.3.1/../../../../arm-none-eabi/lib/thumb/v7e-m+fp/hard\libc_nano.a(libc_a-vsnprintf.o)
                0x08005d24                _vsniprintf_r
                0x08005d24                _vsnprintf_r
 .text.vsnprintf
                0x08005d80       0x1c C:/ST/STM32CubeIDE_1.17.0/STM32CubeIDE/plugins/com.st.stm32cube.ide.mcu.externaltools.gnu-tools-for-stm32.13.3.rel1.win32_1.0.0.202411081344/tools/bin/../lib/gcc/arm-none-eabi/13.3.1/../../../../arm-none-eabi/lib/thumb/v7e-m+fp/hard\libc_nano.a(libc_a-vsnprintf.o)
                0x08005d80                vsniprintf
                0x08005d80                vsnprintf
 .text.memmove  0x08005d9c       0x34 C:/ST/STM32CubeIDE_1.17.0/STM32CubeIDE/plugins/com.st.stm32cube.ide.mcu.externaltools.gnu-tools-for-stm32.13.3.rel1.win32_1.0.0.202411081344/tools/bin/../lib/gcc/arm-none-eabi/13.3.1/../../../../arm-none-eabi/lib/thumb/v7e-m+fp/hard\libc_nano.a(libc_a-memmove.o)
                0x08005d9c                memmove
 .text.memset   0x08005dd0       0x10 C:/ST/STM32CubeIDE_1.17.0/STM32CubeIDE/plugins/com.st.stm32cube.ide.mcu.externaltools.gnu-tools-for-stm32.13.3.rel1.win32_1.0.0.202411081344/tools/bin/../lib/gcc/arm-none-eabi/13.3.1/../../../../arm-none-eabi/lib/thumb/v7e-m+fp/hard\libc_nano.a(libc_a-memset.o)
                0x08005dd0                memset
 .text._sbrk_r  0x08005de0       0x20 C:/ST/STM32CubeIDE_1.17.0/STM32CubeIDE/plugins/com.st.stm32cube.ide.mcu.externaltools.gnu-tools-for-stm32.13.3.rel1.win32_1.0.0.202411081344/tools/bin/../lib/gcc/arm-none-eabi/13.3.1/../../../../arm-none-eabi/lib/thumb/v7e-m+fp/hard\libc_nano.a(libc_a-sbrkr.o)
                0x08005de0                _sbrk_r
 .text.__errno  0x08005e00        0xc C:/ST/STM32CubeIDE_1.17.0/STM32CubeIDE/plugins/com.st.stm32cube.ide.mcu.externaltools.gnu-tools-for-stm32.13.3.rel1.win32_1.0.0.202411081344/tools/bin/../lib/gcc/arm-none-eabi/13.3.1/../../../../arm-none-eabi/lib/thumb/v7e-m+fp/hard\libc_nano.a(libc_a-errno.o)
                0x08005e00                __errno
 .text.__libc_init_array
                0x08005e0c       0x48 C:/ST/STM32CubeIDE_1.17.0/STM32CubeIDE/plugins/com.st.stm32cube.ide.mcu.externaltools.gnu-tools-for-stm32.13.3.rel1.win32_1.0.0.202411081344/tools/bin/../lib/gcc/arm-none-eabi/13.3.1/../../../../arm-none-eabi/lib/thumb/v7e-m+fp/hard\libc_nano.a(libc_a-init.o)
                0x08005e0c                __libc_init_array
 .text.__retarget_lock_acquire_recursive
                0x08005e54        0x2 C:/ST/STM32CubeIDE_1.17.0/STM32CubeIDE/plugins/com.st.stm32cube.ide.mcu.externaltools.gnu-tools-for-stm32.13.3.rel1.win32_1.0.0.202411081344/tools/bin/../lib/gcc/arm-none-eabi/13.3.1/../../../../arm-none-eabi/lib/thumb/v7e-m+fp/hard\libc_nano.a(libc_a-lock.o)
                0x08005e54                __retarget_lock_acquire_recursive
 .text.__retarget_lock_release_recursive
                0x08005e56        0x2 C:/ST/STM32CubeIDE_1.17.0/STM32CubeIDE/plugins/com.st.stm32cube.ide.mcu.externaltools.gnu-tools-for-stm32.13.3.rel1.win32_1.0.0.202411081344/tools/bin/../lib/gcc/arm-none-eabi/13.3.1/../../../../arm-none-eabi/lib/thumb/v7e-m+fp/hard\libc_nano.a(libc_a-lock.o)
                0x08005e56                __retarget_lock_release_recursive
 .text.memcpy   0x08005e58       0x1c C:/ST/STM32CubeIDE_1.17.0/STM32CubeIDE/plugins/com.st.stm32cube.ide.mcu.externaltools.gnu-tools-for-stm32.13.3.rel1.win32_1.0.0.202411081344/tools/bin/../lib/gcc/arm-none-eabi/13.3.1/../../../../arm-none-eabi/lib/thumb/v7e-m+fp/hard\libc_nano.a(libc_a-memcpy-stub.o)
                0x08005e58                memcpy
 .text._free_r  0x08005e74       0x94 C:/ST/STM32CubeIDE_1.17.0/STM32CubeIDE/plugins/com.st.stm32cube.ide.mcu.externaltools.gnu-tools-for-stm32.13.3.rel1.win32_1.0.0.202411081344/tools/bin/../lib/gcc/arm-none-eabi/13.3.1/../../../../arm-none-eabi/lib/thumb/v7e-m+fp/hard\libc_nano.a(libc_a-freer.o)
                0x08005e74                _free_r
 .text.__ssputs_r
                0x08005f08       0xb6 C:/ST/STM32CubeIDE_1.17.0/STM32CubeIDE/plugins/com.st.stm32cube.ide.mcu.externaltools.gnu-tools-for-stm32.13.3.rel1.win32_1.0.0.202411081344/tools/bin/../lib/gcc/arm-none-eabi/13.3.1/../../../../arm-none-eabi/lib/thumb/v7e-m+fp/hard\libc_nano.a(libc_a-nano-svfprintf.o)
                0x08005f08                __ssputs_r
 *fill*         0x08005fbe        0x2 
 .text._svfprintf_r
                0x08005fc0      0x1f8 C:/ST/STM32CubeIDE_1.17.0/STM32CubeIDE/plugins/com.st.stm32cube.ide.mcu.externaltools.gnu-tools-for-stm32.13.3.rel1.win32_1.0.0.202411081344/tools/bin/../lib/gcc/arm-none-eabi/13.3.1/../../../../arm-none-eabi/lib/thumb/v7e-m+fp/hard\libc_nano.a(libc_a-nano-svfprintf.o)
                0x08005fc0                _svfiprintf_r
                0x08005fc0                _svfprintf_r
 .text._printf_common
                0x080061b8       0xda C:/ST/STM32CubeIDE_1.17.0/STM32CubeIDE/plugins/com.st.stm32cube.ide.mcu.externaltools.gnu-tools-for-stm32.13.3.rel1.win32_1.0.0.202411081344/tools/bin/../lib/gcc/arm-none-eabi/13.3.1/../../../../arm-none-eabi/lib/thumb/v7e-m+fp/hard\libc_nano.a(libc_a-nano-vfprintf_i.o)
                0x080061b8                _printf_common
 *fill*         0x08006292        0x2 
 .text._printf_i
                0x08006294      0x23c C:/ST/STM32CubeIDE_1.17.0/STM32CubeIDE/plugins/com.st.stm32cube.ide.mcu.externaltools.gnu-tools-for-stm32.13.3.rel1.win32_1.0.0.202411081344/tools/bin/../lib/gcc/arm-none-eabi/13.3.1/../../../../arm-none-eabi/lib/thumb/v7e-m+fp/hard\libc_nano.a(libc_a-nano-vfprintf_i.o)
                0x08006294                _printf_i
 .text._realloc_r
                0x080064d0       0x5c C:/ST/STM32CubeIDE_1.17.0/STM32CubeIDE/plugins/com.st.stm32cube.ide.mcu.externaltools.gnu-tools-for-stm32.13.3.rel1.win32_1.0.0.202411081344/tools/bin/../lib/gcc/arm-none-eabi/13.3.1/../../../../arm-none-eabi/lib/thumb/v7e-m+fp/hard\libc_nano.a(libc_a-reallocr.o)
                0x080064d0                _realloc_r
 .text._malloc_usable_size_r
                0x0800652c       0x10 C:/ST/STM32CubeIDE_1.17.0/STM32CubeIDE/plugins/com.st.stm32cube.ide.mcu.externaltools.gnu-tools-for-stm32.13.3.rel1.win32_1.0.0.202411081344/tools/bin/../lib/gcc/arm-none-eabi/13.3.1/../../../../arm-none-eabi/lib/thumb/v7e-m+fp/hard\libc_nano.a(libc_a-msizer.o)
                0x0800652c                _malloc_usable_size_r
 *(.glue_7)
 .glue_7        0x0800653c        0x0 linker stubs
 *(.glue_7t)
 .glue_7t       0x0800653c        0x0 linker stubs
 *(.eh_frame)
 .eh_frame      0x0800653c        0x0 C:/ST/STM32CubeIDE_1.17.0/STM32CubeIDE/plugins/com.st.stm32cube.ide.mcu.externaltools.gnu-tools-for-stm32.13.3.rel1.win32_1.0.0.202411081344/tools/bin/../lib/gcc/arm-none-eabi/13.3.1/thumb/v7e-m+fp/hard/crtbegin.o
 *(.init)
 .init          0x0800653c        0x4 C:/ST/STM32CubeIDE_1.17.0/STM32CubeIDE/plugins/com.st.stm32cube.ide.mcu.externaltools.gnu-tools-for-stm32.13.3.rel1.win32_1.0.0.202411081344/tools/bin/../lib/gcc/arm-none-eabi/13.3.1/thumb/v7e-m+fp/hard/crti.o
                0x0800653c                _init
 .init          0x08006540        0x8 C:/ST/STM32CubeIDE_1.17.0/STM32CubeIDE/plugins/com.st.stm32cube.ide.mcu.externaltools.gnu-tools-for-stm32.13.3.rel1.win32_1.0.0.202411081344/tools/bin/../lib/gcc/arm-none-eabi/13.3.1/thumb/v7e-m+fp/hard/crtn.o
 *(.fini)
 .fini          0x08006548        0x4 C:/ST/STM32CubeIDE_1.17.0/STM32CubeIDE/plugins/com.st.stm32cube.ide.mcu.externaltools.gnu-tools-for-stm32.13.3.rel1.win32_1.0.0.202411081344/tools/bin/../lib/gcc/arm-none-eabi/13.3.1/thumb/v7e-m+fp/hard/crti.o
                0x08006548                _fini
 .fini          0x0800654c        0x8 C:/ST/STM32CubeIDE_1.17.0/STM32CubeIDE/plugins/com.st.stm32cube.ide.mcu.externaltools.gnu-tools-for-stm32.13.3.rel1.win32_1.0.0.202411081344/tools/bin/../lib/gcc/arm-none-eabi/13.3.1/thumb/v7e-m+fp/hard/crtn.o
                0x08006554                        . = ALIGN (0x4)
                0x08006554                        _etext = .

.vfp11_veneer   0x08006554        0x0
 .vfp11_veneer  0x08006554        0x0 linker stubs

.v4_bx          0x08006554        0x0
 .v4_bx         0x08006554        0x0 linker stubs

.iplt           0x08006554        0x0
 .iplt          0x08006554        0x0 C:/ST/STM32CubeIDE_1.17.0/STM32CubeIDE/plugins/com.st.stm32cube.ide.mcu.externaltools.gnu-tools-for-stm32.13.3.rel1.win32_1.0.0.202411081344/tools/bin/../lib/gcc/arm-none-eabi/13.3.1/thumb/v7e-m+fp/hard/crtbegin.o

.rodata         0x08006554      0x4b8
                0x08006554                        . = ALIGN (0x4)
 *(.rodata)
 .rodata        0x08006554      0x39d ./Core/Src/main.o
 *fill*         0x080068f1        0x3 
 .rodata        0x080068f4       0xab ./Core/Src/modbus/modbus.o
 *(.rodata*)
 *fill*         0x0800699f        0x1 
 .rodata.AHBPrescTable
                0x080069a0       0x10 ./Core/Src/system_stm32f3xx.o
                0x080069a0                AHBPrescTable
 .rodata.APBPrescTable
                0x080069b0        0x8 ./Core/Src/system_stm32f3xx.o
                0x080069b0                APBPrescTable
 .rodata.aPLLMULFactorTable
                0x080069b8       0x10 ./Drivers/STM32F3xx_HAL_Driver/Src/stm32f3xx_hal_rcc.o
 .rodata.aPredivFactorTable
                0x080069c8       0x10 ./Drivers/STM32F3xx_HAL_Driver/Src/stm32f3xx_hal_rcc.o
 .rodata._svfprintf_r.str1.1
                0x080069d8       0x33 C:/ST/STM32CubeIDE_1.17.0/STM32CubeIDE/plugins/com.st.stm32cube.ide.mcu.externaltools.gnu-tools-for-stm32.13.3.rel1.win32_1.0.0.202411081344/tools/bin/../lib/gcc/arm-none-eabi/13.3.1/../../../../arm-none-eabi/lib/thumb/v7e-m+fp/hard\libc_nano.a(libc_a-nano-svfprintf.o)
                                 0x11 (size before relaxing)
 .rodata._printf_i.str1.1
                0x08006a0b       0x22 C:/ST/STM32CubeIDE_1.17.0/STM32CubeIDE/plugins/com.st.stm32cube.ide.mcu.externaltools.gnu-tools-for-stm32.13.3.rel1.win32_1.0.0.202411081344/tools/bin/../lib/gcc/arm-none-eabi/13.3.1/../../../../arm-none-eabi/lib/thumb/v7e-m+fp/hard\libc_nano.a(libc_a-nano-vfprintf_i.o)
                0x08006a30                        . = ALIGN (0x4)
 *fill*         0x08006a0b        0x1 

.ARM.extab      0x08006a0c        0x0
                0x08006a0c                        . = ALIGN (0x4)
 *(.ARM.extab* .gnu.linkonce.armextab.*)
                0x08006a0c                        . = ALIGN (0x4)

.ARM            0x08006a0c        0x8
                0x08006a0c                        . = ALIGN (0x4)
                0x08006a0c                        __exidx_start = .
 *(.ARM.exidx*)
 .ARM.exidx     0x08006a0c        0x8 C:/ST/STM32CubeIDE_1.17.0/STM32CubeIDE/plugins/com.st.stm32cube.ide.mcu.externaltools.gnu-tools-for-stm32.13.3.rel1.win32_1.0.0.202411081344/tools/bin/../lib/gcc/arm-none-eabi/13.3.1/../../../../arm-none-eabi/lib/thumb/v7e-m+fp/hard\libc_nano.a(libc_a-strlen.o)
 .ARM.exidx     0x08006a14        0x0 C:/ST/STM32CubeIDE_1.17.0/STM32CubeIDE/plugins/com.st.stm32cube.ide.mcu.externaltools.gnu-tools-for-stm32.13.3.rel1.win32_1.0.0.202411081344/tools/bin/../lib/gcc/arm-none-eabi/13.3.1/../../../../arm-none-eabi/lib/thumb/v7e-m+fp/hard\libc_nano.a(libc_a-memchr.o)
                                  0x8 (size before relaxing)
                0x08006a14                        __exidx_end = .
                0x08006a14                        . = ALIGN (0x4)

.preinit_array  0x08006a14        0x0
                0x08006a14                        . = ALIGN (0x4)
                0x08006a14                        PROVIDE (__preinit_array_start = .)
 *(.preinit_array*)
                0x08006a14                        PROVIDE (__preinit_array_end = .)
                0x08006a14                        . = ALIGN (0x4)

.init_array     0x08006a14        0x4
                0x08006a14                        . = ALIGN (0x4)
                0x08006a14                        PROVIDE (__init_array_start = .)
 *(SORT_BY_NAME(.init_array.*))
 *(.init_array*)
 .init_array    0x08006a14        0x4 C:/ST/STM32CubeIDE_1.17.0/STM32CubeIDE/plugins/com.st.stm32cube.ide.mcu.externaltools.gnu-tools-for-stm32.13.3.rel1.win32_1.0.0.202411081344/tools/bin/../lib/gcc/arm-none-eabi/13.3.1/thumb/v7e-m+fp/hard/crtbegin.o
                0x08006a18                        PROVIDE (__init_array_end = .)
                0x08006a18                        . = ALIGN (0x4)

.fini_array     0x08006a18        0x4
                0x08006a18                        . = ALIGN (0x4)
                [!provide]                        PROVIDE (__fini_array_start = .)
 *(SORT_BY_NAME(.fini_array.*))
 *(.fini_array*)
 .fini_array    0x08006a18        0x4 C:/ST/STM32CubeIDE_1.17.0/STM32CubeIDE/plugins/com.st.stm32cube.ide.mcu.externaltools.gnu-tools-for-stm32.13.3.rel1.win32_1.0.0.202411081344/tools/bin/../lib/gcc/arm-none-eabi/13.3.1/thumb/v7e-m+fp/hard/crtbegin.o
                [!provide]                        PROVIDE (__fini_array_end = .)
                0x08006a1c                        . = ALIGN (0x4)
                0x08006a1c                        _sidata = LOADADDR (.data)

.rel.dyn        0x08006a1c        0x0
 .rel.iplt      0x08006a1c        0x0 C:/ST/STM32CubeIDE_1.17.0/STM32CubeIDE/plugins/com.st.stm32cube.ide.mcu.externaltools.gnu-tools-for-stm32.13.3.rel1.win32_1.0.0.202411081344/tools/bin/../lib/gcc/arm-none-eabi/13.3.1/thumb/v7e-m+fp/hard/crtbegin.o

.data           0x20000000       0xa4 load address 0x08006a1c
                0x20000000                        . = ALIGN (0x4)
                0x20000000                        _sdata = .
 *(.data)
 *(.data*)
 .data.sock_any_port
                0x20000000        0x2 ./Core/Src/ioLibrary_Driver-master/Ethernet/socket.o
 *fill*         0x20000002        0x2 
 .data.WIZCHIP  0x20000004       0x2c ./Core/Src/ioLibrary_Driver-master/Ethernet/wizchip_conf.o
                0x20000004                WIZCHIP
 .data.net_info
                0x20000030       0x17 ./Core/Src/main.o
                0x20000030                net_info
 *fill*         0x20000047        0x1 
 .data.SystemCoreClock
                0x20000048        0x4 ./Core/Src/system_stm32f3xx.o
                0x20000048                SystemCoreClock
 .data.uwTickPrio
                0x2000004c        0x4 ./Drivers/STM32F3xx_HAL_Driver/Src/stm32f3xx_hal.o
                0x2000004c                uwTickPrio
 .data.uwTickFreq
                0x20000050        0x1 ./Drivers/STM32F3xx_HAL_Driver/Src/stm32f3xx_hal.o
                0x20000050                uwTickFreq
 *fill*         0x20000051        0x3 
 .data._impure_ptr
                0x20000054        0x4 C:/ST/STM32CubeIDE_1.17.0/STM32CubeIDE/plugins/com.st.stm32cube.ide.mcu.externaltools.gnu-tools-for-stm32.13.3.rel1.win32_1.0.0.202411081344/tools/bin/../lib/gcc/arm-none-eabi/13.3.1/../../../../arm-none-eabi/lib/thumb/v7e-m+fp/hard\libc_nano.a(libc_a-impure.o)
                0x20000054                _impure_ptr
 .data._impure_data
                0x20000058       0x4c C:/ST/STM32CubeIDE_1.17.0/STM32CubeIDE/plugins/com.st.stm32cube.ide.mcu.externaltools.gnu-tools-for-stm32.13.3.rel1.win32_1.0.0.202411081344/tools/bin/../lib/gcc/arm-none-eabi/13.3.1/../../../../arm-none-eabi/lib/thumb/v7e-m+fp/hard\libc_nano.a(libc_a-impure.o)
                0x20000058                _impure_data
 *(.RamFunc)
 *(.RamFunc*)
                0x200000a4                        . = ALIGN (0x4)
                0x200000a4                        _edata = .
                0x08006ac0                        _siccmram = LOADADDR (.ccmram)

.igot.plt       0x200000a4        0x0 load address 0x08006ac0
 .igot.plt      0x200000a4        0x0 C:/ST/STM32CubeIDE_1.17.0/STM32CubeIDE/plugins/com.st.stm32cube.ide.mcu.externaltools.gnu-tools-for-stm32.13.3.rel1.win32_1.0.0.202411081344/tools/bin/../lib/gcc/arm-none-eabi/13.3.1/thumb/v7e-m+fp/hard/crtbegin.o

.ccmram         0x10000000        0x0 load address 0x08006ac0
                0x10000000                        . = ALIGN (0x4)
                0x10000000                        _sccmram = .
 *(.ccmram)
 *(.ccmram*)
                0x10000000                        . = ALIGN (0x4)
                0x10000000                        _eccmram = .
                0x10000000                        . = ALIGN (0x4)

.bss            0x200000a4      0x4ac
                0x200000a4                        _sbss = .
                0x200000a4                        __bss_start__ = _sbss
 *(.bss)
 .bss           0x200000a4       0x1c C:/ST/STM32CubeIDE_1.17.0/STM32CubeIDE/plugins/com.st.stm32cube.ide.mcu.externaltools.gnu-tools-for-stm32.13.3.rel1.win32_1.0.0.202411081344/tools/bin/../lib/gcc/arm-none-eabi/13.3.1/thumb/v7e-m+fp/hard/crtbegin.o
 *(.bss*)
 .bss.sock_io_mode
                0x200000c0        0x2 ./Core/Src/ioLibrary_Driver-master/Ethernet/socket.o
 .bss.sock_is_sending
                0x200000c2        0x2 ./Core/Src/ioLibrary_Driver-master/Ethernet/socket.o
 .bss.sock_remained_size
                0x200000c4       0x10 ./Core/Src/ioLibrary_Driver-master/Ethernet/socket.o
 .bss.sock_pack_info
                0x200000d4        0x8 ./Core/Src/ioLibrary_Driver-master/Ethernet/socket.o
                0x200000d4                sock_pack_info
 .bss._DNS_     0x200000dc        0x4 ./Core/Src/ioLibrary_Driver-master/Ethernet/wizchip_conf.o
 .bss._DHCP_    0x200000e0        0x1 ./Core/Src/ioLibrary_Driver-master/Ethernet/wizchip_conf.o
 *fill*         0x200000e1        0x3 
 .bss.modbusSlave
                0x200000e4       0x24 ./Core/Src/main.o
                0x200000e4                modbusSlave
 .bss.hspi1     0x20000108       0x64 ./Core/Src/main.o
                0x20000108                hspi1
 .bss.huart2    0x2000016c       0x88 ./Core/Src/main.o
                0x2000016c                huart2
 .bss.uart2Stream
                0x200001f4      0x20c ./Core/Src/main.o
                0x200001f4                uart2Stream
 .bss.__sbrk_heap_end
                0x20000400        0x4 ./Core/Src/sysmem.o
 .bss.uwTick    0x20000404        0x4 ./Drivers/STM32F3xx_HAL_Driver/Src/stm32f3xx_hal.o
                0x20000404                uwTick
 .bss.__malloc_sbrk_start
                0x20000408        0x4 C:/ST/STM32CubeIDE_1.17.0/STM32CubeIDE/plugins/com.st.stm32cube.ide.mcu.externaltools.gnu-tools-for-stm32.13.3.rel1.win32_1.0.0.202411081344/tools/bin/../lib/gcc/arm-none-eabi/13.3.1/../../../../arm-none-eabi/lib/thumb/v7e-m+fp/hard\libc_nano.a(libc_a-mallocr.o)
                0x20000408                __malloc_sbrk_start
 .bss.__malloc_free_list
                0x2000040c        0x4 C:/ST/STM32CubeIDE_1.17.0/STM32CubeIDE/plugins/com.st.stm32cube.ide.mcu.externaltools.gnu-tools-for-stm32.13.3.rel1.win32_1.0.0.202411081344/tools/bin/../lib/gcc/arm-none-eabi/13.3.1/../../../../arm-none-eabi/lib/thumb/v7e-m+fp/hard\libc_nano.a(libc_a-mallocr.o)
                0x2000040c                __malloc_free_list
 .bss.__sf      0x20000410      0x138 C:/ST/STM32CubeIDE_1.17.0/STM32CubeIDE/plugins/com.st.stm32cube.ide.mcu.externaltools.gnu-tools-for-stm32.13.3.rel1.win32_1.0.0.202411081344/tools/bin/../lib/gcc/arm-none-eabi/13.3.1/../../../../arm-none-eabi/lib/thumb/v7e-m+fp/hard\libc_nano.a(libc_a-findfp.o)
                0x20000410                __sf
 .bss.errno     0x20000548        0x4 C:/ST/STM32CubeIDE_1.17.0/STM32CubeIDE/plugins/com.st.stm32cube.ide.mcu.externaltools.gnu-tools-for-stm32.13.3.rel1.win32_1.0.0.202411081344/tools/bin/../lib/gcc/arm-none-eabi/13.3.1/../../../../arm-none-eabi/lib/thumb/v7e-m+fp/hard\libc_nano.a(libc_a-reent.o)
                0x20000548                errno
 .bss.__lock___malloc_recursive_mutex
                0x2000054c        0x1 C:/ST/STM32CubeIDE_1.17.0/STM32CubeIDE/plugins/com.st.stm32cube.ide.mcu.externaltools.gnu-tools-for-stm32.13.3.rel1.win32_1.0.0.202411081344/tools/bin/../lib/gcc/arm-none-eabi/13.3.1/../../../../arm-none-eabi/lib/thumb/v7e-m+fp/hard\libc_nano.a(libc_a-lock.o)
                0x2000054c                __lock___malloc_recursive_mutex
 *(COMMON)
                0x20000550                        . = ALIGN (0x4)
 *fill*         0x2000054d        0x3 
                0x20000550                        _ebss = .
                0x20000550                        __bss_end__ = _ebss

._user_heap_stack
                0x20000550      0x600
                0x20000550                        . = ALIGN (0x8)
                [!provide]                        PROVIDE (end = .)
                0x20000550                        PROVIDE (_end = .)
                0x20000750                        . = (. + _Min_Heap_Size)
 *fill*         0x20000550      0x200 
                0x20000b50                        . = (. + _Min_Stack_Size)
 *fill*         0x20000750      0x400 
                0x20000b50                        . = ALIGN (0x8)

/DISCARD/
 libc.a(*)
 libm.a(*)
 libgcc.a(*)

.ARM.attributes
                0x00000000       0x30
 *(.ARM.attributes)
 .ARM.attributes
                0x00000000       0x22 C:/ST/STM32CubeIDE_1.17.0/STM32CubeIDE/plugins/com.st.stm32cube.ide.mcu.externaltools.gnu-tools-for-stm32.13.3.rel1.win32_1.0.0.202411081344/tools/bin/../lib/gcc/arm-none-eabi/13.3.1/thumb/v7e-m+fp/hard/crti.o
 .ARM.attributes
                0x00000022       0x34 C:/ST/STM32CubeIDE_1.17.0/STM32CubeIDE/plugins/com.st.stm32cube.ide.mcu.externaltools.gnu-tools-for-stm32.13.3.rel1.win32_1.0.0.202411081344/tools/bin/../lib/gcc/arm-none-eabi/13.3.1/thumb/v7e-m+fp/hard/crtbegin.o
 .ARM.attributes
                0x00000056       0x34 ./Core/Src/ioLibrary_Driver-master/Ethernet/W5500/w5500.o
 .ARM.attributes
                0x0000008a       0x34 ./Core/Src/ioLibrary_Driver-master/Ethernet/socket.o
 .ARM.attributes
                0x000000be       0x34 ./Core/Src/ioLibrary_Driver-master/Ethernet/wizchip_conf.o
 .ARM.attributes
                0x000000f2       0x34 ./Core/Src/main.o
 .ARM.attributes
                0x00000126       0x34 ./Core/Src/stm32f3xx_hal_msp.o
 .ARM.attributes
                0x0000015a       0x34 ./Core/Src/stm32f3xx_it.o
 .ARM.attributes
                0x0000018e       0x34 ./Core/Src/sysmem.o
 .ARM.attributes
                0x000001c2       0x34 ./Core/Src/system_stm32f3xx.o
 .ARM.attributes
                0x000001f6       0x34 ./Core/Src/modbus/db.o
 .ARM.attributes
                0x0000022a       0x34 ./Core/Src/modbus/modbus.o
 .ARM.attributes
                0x0000025e       0x21 ./Core/Startup/startup_stm32f303k8tx.o
 .ARM.attributes
                0x0000027f       0x34 ./Drivers/STM32F3xx_HAL_Driver/Src/stm32f3xx_hal.o
 .ARM.attributes
                0x000002b3       0x34 ./Drivers/STM32F3xx_HAL_Driver/Src/stm32f3xx_hal_cortex.o
 .ARM.attributes
                0x000002e7       0x34 ./Drivers/STM32F3xx_HAL_Driver/Src/stm32f3xx_hal_gpio.o
 .ARM.attributes
                0x0000031b       0x34 ./Drivers/STM32F3xx_HAL_Driver/Src/stm32f3xx_hal_rcc.o
 .ARM.attributes
                0x0000034f       0x34 ./Drivers/STM32F3xx_HAL_Driver/Src/stm32f3xx_hal_spi.o
 .ARM.attributes
                0x00000383       0x34 ./Drivers/STM32F3xx_HAL_Driver/Src/stm32f3xx_hal_uart.o
 .ARM.attributes
                0x000003b7       0x34 C:/ST/STM32CubeIDE_1.17.0/STM32CubeIDE/plugins/com.st.stm32cube.ide.mcu.externaltools.gnu-tools-for-stm32.13.3.rel1.win32_1.0.0.202411081344/tools/bin/../lib/gcc/arm-none-eabi/13.3.1/../../../../arm-none-eabi/lib/thumb/v7e-m+fp/hard\libc_nano.a(libc_a-calloc.o)
 .ARM.attributes
                0x000003eb       0x34 C:/ST/STM32CubeIDE_1.17.0/STM32CubeIDE/plugins/com.st.stm32cube.ide.mcu.externaltools.gnu-tools-for-stm32.13.3.rel1.win32_1.0.0.202411081344/tools/bin/../lib/gcc/arm-none-eabi/13.3.1/../../../../arm-none-eabi/lib/thumb/v7e-m+fp/hard\libc_nano.a(libc_a-callocr.o)
 .ARM.attributes
                0x0000041f       0x34 C:/ST/STM32CubeIDE_1.17.0/STM32CubeIDE/plugins/com.st.stm32cube.ide.mcu.externaltools.gnu-tools-for-stm32.13.3.rel1.win32_1.0.0.202411081344/tools/bin/../lib/gcc/arm-none-eabi/13.3.1/../../../../arm-none-eabi/lib/thumb/v7e-m+fp/hard\libc_nano.a(libc_a-malloc.o)
 .ARM.attributes
                0x00000453       0x34 C:/ST/STM32CubeIDE_1.17.0/STM32CubeIDE/plugins/com.st.stm32cube.ide.mcu.externaltools.gnu-tools-for-stm32.13.3.rel1.win32_1.0.0.202411081344/tools/bin/../lib/gcc/arm-none-eabi/13.3.1/../../../../arm-none-eabi/lib/thumb/v7e-m+fp/hard\libc_nano.a(libc_a-mallocr.o)
 .ARM.attributes
                0x00000487       0x34 C:/ST/STM32CubeIDE_1.17.0/STM32CubeIDE/plugins/com.st.stm32cube.ide.mcu.externaltools.gnu-tools-for-stm32.13.3.rel1.win32_1.0.0.202411081344/tools/bin/../lib/gcc/arm-none-eabi/13.3.1/../../../../arm-none-eabi/lib/thumb/v7e-m+fp/hard\libc_nano.a(libc_a-mlock.o)
 .ARM.attributes
                0x000004bb       0x34 C:/ST/STM32CubeIDE_1.17.0/STM32CubeIDE/plugins/com.st.stm32cube.ide.mcu.externaltools.gnu-tools-for-stm32.13.3.rel1.win32_1.0.0.202411081344/tools/bin/../lib/gcc/arm-none-eabi/13.3.1/../../../../arm-none-eabi/lib/thumb/v7e-m+fp/hard\libc_nano.a(libc_a-findfp.o)
 .ARM.attributes
                0x000004ef       0x34 C:/ST/STM32CubeIDE_1.17.0/STM32CubeIDE/plugins/com.st.stm32cube.ide.mcu.externaltools.gnu-tools-for-stm32.13.3.rel1.win32_1.0.0.202411081344/tools/bin/../lib/gcc/arm-none-eabi/13.3.1/../../../../arm-none-eabi/lib/thumb/v7e-m+fp/hard\libc_nano.a(libc_a-vsnprintf.o)
 .ARM.attributes
                0x00000523       0x34 C:/ST/STM32CubeIDE_1.17.0/STM32CubeIDE/plugins/com.st.stm32cube.ide.mcu.externaltools.gnu-tools-for-stm32.13.3.rel1.win32_1.0.0.202411081344/tools/bin/../lib/gcc/arm-none-eabi/13.3.1/../../../../arm-none-eabi/lib/thumb/v7e-m+fp/hard\libc_nano.a(libc_a-memmove.o)
 .ARM.attributes
                0x00000557       0x34 C:/ST/STM32CubeIDE_1.17.0/STM32CubeIDE/plugins/com.st.stm32cube.ide.mcu.externaltools.gnu-tools-for-stm32.13.3.rel1.win32_1.0.0.202411081344/tools/bin/../lib/gcc/arm-none-eabi/13.3.1/../../../../arm-none-eabi/lib/thumb/v7e-m+fp/hard\libc_nano.a(libc_a-memset.o)
 .ARM.attributes
                0x0000058b       0x34 C:/ST/STM32CubeIDE_1.17.0/STM32CubeIDE/plugins/com.st.stm32cube.ide.mcu.externaltools.gnu-tools-for-stm32.13.3.rel1.win32_1.0.0.202411081344/tools/bin/../lib/gcc/arm-none-eabi/13.3.1/../../../../arm-none-eabi/lib/thumb/v7e-m+fp/hard\libc_nano.a(libc_a-reent.o)
 .ARM.attributes
                0x000005bf       0x34 C:/ST/STM32CubeIDE_1.17.0/STM32CubeIDE/plugins/com.st.stm32cube.ide.mcu.externaltools.gnu-tools-for-stm32.13.3.rel1.win32_1.0.0.202411081344/tools/bin/../lib/gcc/arm-none-eabi/13.3.1/../../../../arm-none-eabi/lib/thumb/v7e-m+fp/hard\libc_nano.a(libc_a-impure.o)
 .ARM.attributes
                0x000005f3       0x34 C:/ST/STM32CubeIDE_1.17.0/STM32CubeIDE/plugins/com.st.stm32cube.ide.mcu.externaltools.gnu-tools-for-stm32.13.3.rel1.win32_1.0.0.202411081344/tools/bin/../lib/gcc/arm-none-eabi/13.3.1/../../../../arm-none-eabi/lib/thumb/v7e-m+fp/hard\libc_nano.a(libc_a-sbrkr.o)
 .ARM.attributes
                0x00000627       0x34 C:/ST/STM32CubeIDE_1.17.0/STM32CubeIDE/plugins/com.st.stm32cube.ide.mcu.externaltools.gnu-tools-for-stm32.13.3.rel1.win32_1.0.0.202411081344/tools/bin/../lib/gcc/arm-none-eabi/13.3.1/../../../../arm-none-eabi/lib/thumb/v7e-m+fp/hard\libc_nano.a(libc_a-errno.o)
 .ARM.attributes
                0x0000065b       0x34 C:/ST/STM32CubeIDE_1.17.0/STM32CubeIDE/plugins/com.st.stm32cube.ide.mcu.externaltools.gnu-tools-for-stm32.13.3.rel1.win32_1.0.0.202411081344/tools/bin/../lib/gcc/arm-none-eabi/13.3.1/../../../../arm-none-eabi/lib/thumb/v7e-m+fp/hard\libc_nano.a(libc_a-init.o)
 .ARM.attributes
                0x0000068f       0x34 C:/ST/STM32CubeIDE_1.17.0/STM32CubeIDE/plugins/com.st.stm32cube.ide.mcu.externaltools.gnu-tools-for-stm32.13.3.rel1.win32_1.0.0.202411081344/tools/bin/../lib/gcc/arm-none-eabi/13.3.1/../../../../arm-none-eabi/lib/thumb/v7e-m+fp/hard\libc_nano.a(libc_a-lock.o)
 .ARM.attributes
                0x000006c3       0x34 C:/ST/STM32CubeIDE_1.17.0/STM32CubeIDE/plugins/com.st.stm32cube.ide.mcu.externaltools.gnu-tools-for-stm32.13.3.rel1.win32_1.0.0.202411081344/tools/bin/../lib/gcc/arm-none-eabi/13.3.1/../../../../arm-none-eabi/lib/thumb/v7e-m+fp/hard\libc_nano.a(libc_a-memcpy-stub.o)
 .ARM.attributes
                0x000006f7       0x17 C:/ST/STM32CubeIDE_1.17.0/STM32CubeIDE/plugins/com.st.stm32cube.ide.mcu.externaltools.gnu-tools-for-stm32.13.3.rel1.win32_1.0.0.202411081344/tools/bin/../lib/gcc/arm-none-eabi/13.3.1/../../../../arm-none-eabi/lib/thumb/v7e-m+fp/hard\libc_nano.a(libc_a-strlen.o)
 .ARM.attributes
                0x0000070e       0x34 C:/ST/STM32CubeIDE_1.17.0/STM32CubeIDE/plugins/com.st.stm32cube.ide.mcu.externaltools.gnu-tools-for-stm32.13.3.rel1.win32_1.0.0.202411081344/tools/bin/../lib/gcc/arm-none-eabi/13.3.1/../../../../arm-none-eabi/lib/thumb/v7e-m+fp/hard\libc_nano.a(libc_a-freer.o)
 .ARM.attributes
                0x00000742       0x34 C:/ST/STM32CubeIDE_1.17.0/STM32CubeIDE/plugins/com.st.stm32cube.ide.mcu.externaltools.gnu-tools-for-stm32.13.3.rel1.win32_1.0.0.202411081344/tools/bin/../lib/gcc/arm-none-eabi/13.3.1/../../../../arm-none-eabi/lib/thumb/v7e-m+fp/hard\libc_nano.a(libc_a-nano-svfprintf.o)
 .ARM.attributes
                0x00000776       0x34 C:/ST/STM32CubeIDE_1.17.0/STM32CubeIDE/plugins/com.st.stm32cube.ide.mcu.externaltools.gnu-tools-for-stm32.13.3.rel1.win32_1.0.0.202411081344/tools/bin/../lib/gcc/arm-none-eabi/13.3.1/../../../../arm-none-eabi/lib/thumb/v7e-m+fp/hard\libc_nano.a(libc_a-nano-vfprintf_i.o)
 .ARM.attributes
                0x000007aa       0x1c C:/ST/STM32CubeIDE_1.17.0/STM32CubeIDE/plugins/com.st.stm32cube.ide.mcu.externaltools.gnu-tools-for-stm32.13.3.rel1.win32_1.0.0.202411081344/tools/bin/../lib/gcc/arm-none-eabi/13.3.1/../../../../arm-none-eabi/lib/thumb/v7e-m+fp/hard\libc_nano.a(libc_a-memchr.o)
 .ARM.attributes
                0x000007c6       0x34 C:/ST/STM32CubeIDE_1.17.0/STM32CubeIDE/plugins/com.st.stm32cube.ide.mcu.externaltools.gnu-tools-for-stm32.13.3.rel1.win32_1.0.0.202411081344/tools/bin/../lib/gcc/arm-none-eabi/13.3.1/../../../../arm-none-eabi/lib/thumb/v7e-m+fp/hard\libc_nano.a(libc_a-reallocr.o)
 .ARM.attributes
                0x000007fa       0x34 C:/ST/STM32CubeIDE_1.17.0/STM32CubeIDE/plugins/com.st.stm32cube.ide.mcu.externaltools.gnu-tools-for-stm32.13.3.rel1.win32_1.0.0.202411081344/tools/bin/../lib/gcc/arm-none-eabi/13.3.1/../../../../arm-none-eabi/lib/thumb/v7e-m+fp/hard\libc_nano.a(libc_a-msizer.o)
 .ARM.attributes
                0x0000082e       0x22 C:/ST/STM32CubeIDE_1.17.0/STM32CubeIDE/plugins/com.st.stm32cube.ide.mcu.externaltools.gnu-tools-for-stm32.13.3.rel1.win32_1.0.0.202411081344/tools/bin/../lib/gcc/arm-none-eabi/13.3.1/thumb/v7e-m+fp/hard/crtn.o
OUTPUT(modbusTcpSlave.elf elf32-littlearm)
LOAD linker stubs
LOAD C:/ST/STM32CubeIDE_1.17.0/STM32CubeIDE/plugins/com.st.stm32cube.ide.mcu.externaltools.gnu-tools-for-stm32.13.3.rel1.win32_1.0.0.202411081344/tools/bin/../lib/gcc/arm-none-eabi/13.3.1/../../../../arm-none-eabi/lib/thumb/v7e-m+fp/hard\libc.a
LOAD C:/ST/STM32CubeIDE_1.17.0/STM32CubeIDE/plugins/com.st.stm32cube.ide.mcu.externaltools.gnu-tools-for-stm32.13.3.rel1.win32_1.0.0.202411081344/tools/bin/../lib/gcc/arm-none-eabi/13.3.1/../../../../arm-none-eabi/lib/thumb/v7e-m+fp/hard\libm.a
LOAD C:/ST/STM32CubeIDE_1.17.0/STM32CubeIDE/plugins/com.st.stm32cube.ide.mcu.externaltools.gnu-tools-for-stm32.13.3.rel1.win32_1.0.0.202411081344/tools/bin/../lib/gcc/arm-none-eabi/13.3.1/thumb/v7e-m+fp/hard\libgcc.a

.debug_info     0x00000000     0xd40a
 .debug_info    0x00000000      0x5e8 ./Core/Src/ioLibrary_Driver-master/Ethernet/W5500/w5500.o
 .debug_info    0x000005e8      0xa1d ./Core/Src/ioLibrary_Driver-master/Ethernet/socket.o
 .debug_info    0x00001005      0xf47 ./Core/Src/ioLibrary_Driver-master/Ethernet/wizchip_conf.o
 .debug_info    0x00001f4c     0x17bb ./Core/Src/main.o
 .debug_info    0x00003707      0xbed ./Core/Src/stm32f3xx_hal_msp.o
 .debug_info    0x000042f4      0x113 ./Core/Src/stm32f3xx_it.o
 .debug_info    0x00004407      0x168 ./Core/Src/sysmem.o
 .debug_info    0x0000456f      0x407 ./Core/Src/system_stm32f3xx.o
 .debug_info    0x00004976      0x53d ./Core/Src/modbus/db.o
 .debug_info    0x00004eb3      0x874 ./Core/Src/modbus/modbus.o
 .debug_info    0x00005727       0x30 ./Core/Startup/startup_stm32f303k8tx.o
 .debug_info    0x00005757      0x74a ./Drivers/STM32F3xx_HAL_Driver/Src/stm32f3xx_hal.o
 .debug_info    0x00005ea1      0xa87 ./Drivers/STM32F3xx_HAL_Driver/Src/stm32f3xx_hal_cortex.o
 .debug_info    0x00006928      0x6a6 ./Drivers/STM32F3xx_HAL_Driver/Src/stm32f3xx_hal_gpio.o
 .debug_info    0x00006fce     0x148a ./Drivers/STM32F3xx_HAL_Driver/Src/stm32f3xx_hal_rcc.o
 .debug_info    0x00008458     0x160a ./Drivers/STM32F3xx_HAL_Driver/Src/stm32f3xx_hal_spi.o
 .debug_info    0x00009a62     0x39a8 ./Drivers/STM32F3xx_HAL_Driver/Src/stm32f3xx_hal_uart.o

.debug_abbrev   0x00000000     0x212a
 .debug_abbrev  0x00000000      0x20b ./Core/Src/ioLibrary_Driver-master/Ethernet/W5500/w5500.o
 .debug_abbrev  0x0000020b      0x1c5 ./Core/Src/ioLibrary_Driver-master/Ethernet/socket.o
 .debug_abbrev  0x000003d0      0x31f ./Core/Src/ioLibrary_Driver-master/Ethernet/wizchip_conf.o
 .debug_abbrev  0x000006ef      0x3b1 ./Core/Src/main.o
 .debug_abbrev  0x00000aa0      0x1aa ./Core/Src/stm32f3xx_hal_msp.o
 .debug_abbrev  0x00000c4a       0x73 ./Core/Src/stm32f3xx_it.o
 .debug_abbrev  0x00000cbd       0xbc ./Core/Src/sysmem.o
 .debug_abbrev  0x00000d79      0x11a ./Core/Src/system_stm32f3xx.o
 .debug_abbrev  0x00000e93      0x183 ./Core/Src/modbus/db.o
 .debug_abbrev  0x00001016      0x1df ./Core/Src/modbus/modbus.o
 .debug_abbrev  0x000011f5       0x24 ./Core/Startup/startup_stm32f303k8tx.o
 .debug_abbrev  0x00001219      0x215 ./Drivers/STM32F3xx_HAL_Driver/Src/stm32f3xx_hal.o
 .debug_abbrev  0x0000142e      0x2f8 ./Drivers/STM32F3xx_HAL_Driver/Src/stm32f3xx_hal_cortex.o
 .debug_abbrev  0x00001726      0x1ca ./Drivers/STM32F3xx_HAL_Driver/Src/stm32f3xx_hal_gpio.o
 .debug_abbrev  0x000018f0      0x300 ./Drivers/STM32F3xx_HAL_Driver/Src/stm32f3xx_hal_rcc.o
 .debug_abbrev  0x00001bf0      0x269 ./Drivers/STM32F3xx_HAL_Driver/Src/stm32f3xx_hal_spi.o
 .debug_abbrev  0x00001e59      0x2d1 ./Drivers/STM32F3xx_HAL_Driver/Src/stm32f3xx_hal_uart.o

.debug_aranges  0x00000000      0xbc0
 .debug_aranges
                0x00000000       0x60 ./Core/Src/ioLibrary_Driver-master/Ethernet/W5500/w5500.o
 .debug_aranges
                0x00000060       0xa8 ./Core/Src/ioLibrary_Driver-master/Ethernet/socket.o
 .debug_aranges
                0x00000108      0x168 ./Core/Src/ioLibrary_Driver-master/Ethernet/wizchip_conf.o
 .debug_aranges
                0x00000270       0x98 ./Core/Src/main.o
 .debug_aranges
                0x00000308       0x40 ./Core/Src/stm32f3xx_hal_msp.o
 .debug_aranges
                0x00000348       0x60 ./Core/Src/stm32f3xx_it.o
 .debug_aranges
                0x000003a8       0x20 ./Core/Src/sysmem.o
 .debug_aranges
                0x000003c8       0x28 ./Core/Src/system_stm32f3xx.o
 .debug_aranges
                0x000003f0       0x80 ./Core/Src/modbus/db.o
 .debug_aranges
                0x00000470       0x68 ./Core/Src/modbus/modbus.o
 .debug_aranges
                0x000004d8       0x28 ./Core/Startup/startup_stm32f303k8tx.o
 .debug_aranges
                0x00000500       0xe0 ./Drivers/STM32F3xx_HAL_Driver/Src/stm32f3xx_hal.o
 .debug_aranges
                0x000005e0      0x100 ./Drivers/STM32F3xx_HAL_Driver/Src/stm32f3xx_hal_cortex.o
 .debug_aranges
                0x000006e0       0x58 ./Drivers/STM32F3xx_HAL_Driver/Src/stm32f3xx_hal_gpio.o
 .debug_aranges
                0x00000738       0x88 ./Drivers/STM32F3xx_HAL_Driver/Src/stm32f3xx_hal_rcc.o
 .debug_aranges
                0x000007c0      0x1d8 ./Drivers/STM32F3xx_HAL_Driver/Src/stm32f3xx_hal_spi.o
 .debug_aranges
                0x00000998      0x228 ./Drivers/STM32F3xx_HAL_Driver/Src/stm32f3xx_hal_uart.o

.debug_rnglists
                0x00000000      0x92e
 .debug_rnglists
                0x00000000       0x4c ./Core/Src/ioLibrary_Driver-master/Ethernet/W5500/w5500.o
 .debug_rnglists
                0x0000004c       0x91 ./Core/Src/ioLibrary_Driver-master/Ethernet/socket.o
 .debug_rnglists
                0x000000dd      0x111 ./Core/Src/ioLibrary_Driver-master/Ethernet/wizchip_conf.o
 .debug_rnglists
                0x000001ee       0x8a ./Core/Src/main.o
 .debug_rnglists
                0x00000278       0x2d ./Core/Src/stm32f3xx_hal_msp.o
 .debug_rnglists
                0x000002a5       0x43 ./Core/Src/stm32f3xx_it.o
 .debug_rnglists
                0x000002e8       0x13 ./Core/Src/sysmem.o
 .debug_rnglists
                0x000002fb       0x1a ./Core/Src/system_stm32f3xx.o
 .debug_rnglists
                0x00000315       0x5c ./Core/Src/modbus/db.o
 .debug_rnglists
                0x00000371       0x4f ./Core/Src/modbus/modbus.o
 .debug_rnglists
                0x000003c0       0x19 ./Core/Startup/startup_stm32f303k8tx.o
 .debug_rnglists
                0x000003d9       0xa3 ./Drivers/STM32F3xx_HAL_Driver/Src/stm32f3xx_hal.o
 .debug_rnglists
                0x0000047c       0xbb ./Drivers/STM32F3xx_HAL_Driver/Src/stm32f3xx_hal_cortex.o
 .debug_rnglists
                0x00000537       0x3f ./Drivers/STM32F3xx_HAL_Driver/Src/stm32f3xx_hal_gpio.o
 .debug_rnglists
                0x00000576       0x66 ./Drivers/STM32F3xx_HAL_Driver/Src/stm32f3xx_hal_rcc.o
 .debug_rnglists
                0x000005dc      0x178 ./Drivers/STM32F3xx_HAL_Driver/Src/stm32f3xx_hal_spi.o
 .debug_rnglists
                0x00000754      0x1da ./Drivers/STM32F3xx_HAL_Driver/Src/stm32f3xx_hal_uart.o

.debug_macro    0x00000000    0x19b21
 .debug_macro   0x00000000       0x9d ./Core/Src/ioLibrary_Driver-master/Ethernet/W5500/w5500.o
 .debug_macro   0x0000009d       0xf6 ./Core/Src/ioLibrary_Driver-master/Ethernet/socket.o
 .debug_macro   0x00000193       0x8b ./Core/Src/ioLibrary_Driver-master/Ethernet/socket.o
 .debug_macro   0x0000021e       0x94 ./Core/Src/ioLibrary_Driver-master/Ethernet/wizchip_conf.o
 .debug_macro   0x000002b2      0x190 ./Core/Src/ioLibrary_Driver-master/Ethernet/wizchip_conf.o
 .debug_macro   0x00000442      0x377 ./Core/Src/main.o
 .debug_macro   0x000007b9      0x15e ./Core/Src/main.o
 .debug_macro   0x00000917       0x2e ./Core/Src/main.o
 .debug_macro   0x00000945       0x28 ./Core/Src/main.o
 .debug_macro   0x0000096d       0x1c ./Core/Src/main.o
 .debug_macro   0x00000989       0x22 ./Core/Src/main.o
 .debug_macro   0x000009ab       0xd9 ./Core/Src/main.o
 .debug_macro   0x00000a84      0xf07 ./Core/Src/main.o
 .debug_macro   0x0000198b    0x10be0 ./Core/Src/main.o
 .debug_macro   0x0001256b       0x6d ./Core/Src/main.o
 .debug_macro   0x000125d8     0x3574 ./Core/Src/main.o
 .debug_macro   0x00015b4c       0x55 ./Core/Src/main.o
 .debug_macro   0x00015ba1      0x8f8 ./Core/Src/main.o
 .debug_macro   0x00016499      0x304 ./Core/Src/main.o
 .debug_macro   0x0001679d      0x1b5 ./Core/Src/main.o
 .debug_macro   0x00016952      0x11b ./Core/Src/main.o
 .debug_macro   0x00016a6d      0x1d5 ./Core/Src/main.o
 .debug_macro   0x00016c42      0x1bc ./Core/Src/main.o
 .debug_macro   0x00016dfe       0x34 ./Core/Src/main.o
 .debug_macro   0x00016e32       0x3c ./Core/Src/main.o
 .debug_macro   0x00016e6e       0x57 ./Core/Src/main.o
 .debug_macro   0x00016ec5       0xc5 ./Core/Src/main.o
 .debug_macro   0x00016f8a      0x19f ./Core/Src/main.o
 .debug_macro   0x00017129      0x22c ./Core/Src/main.o
 .debug_macro   0x00017355       0x5b ./Core/Src/main.o
 .debug_macro   0x000173b0       0xa5 ./Core/Src/main.o
 .debug_macro   0x00017455       0x81 ./Core/Src/main.o
 .debug_macro   0x000174d6       0xd3 ./Core/Src/main.o
 .debug_macro   0x000175a9      0x2fe ./Core/Src/main.o
 .debug_macro   0x000178a7      0x5ba ./Core/Src/main.o
 .debug_macro   0x00017e61       0x44 ./Core/Src/main.o
 .debug_macro   0x00017ea5      0x285 ./Core/Src/main.o
 .debug_macro   0x0001812a       0x88 ./Core/Src/main.o
 .debug_macro   0x000181b2       0x22 ./Core/Src/main.o
 .debug_macro   0x000181d4       0x28 ./Core/Src/main.o
 .debug_macro   0x000181fc       0x3a ./Core/Src/main.o
 .debug_macro   0x00018236       0x58 ./Core/Src/main.o
 .debug_macro   0x0001828e       0x1c ./Core/Src/main.o
 .debug_macro   0x000182aa      0x1d5 ./Core/Src/stm32f3xx_hal_msp.o
 .debug_macro   0x0001847f      0x1df ./Core/Src/stm32f3xx_it.o
 .debug_macro   0x0001865e      0x112 ./Core/Src/sysmem.o
 .debug_macro   0x00018770      0x23c ./Core/Src/sysmem.o
 .debug_macro   0x000189ac      0x1c6 ./Core/Src/system_stm32f3xx.o
 .debug_macro   0x00018b72      0x14c ./Core/Src/modbus/db.o
 .debug_macro   0x00018cbe      0x2c8 ./Core/Src/modbus/modbus.o
 .debug_macro   0x00018f86       0x34 ./Core/Src/modbus/modbus.o
 .debug_macro   0x00018fba       0x4f ./Core/Src/modbus/modbus.o
 .debug_macro   0x00019009      0x1ea ./Drivers/STM32F3xx_HAL_Driver/Src/stm32f3xx_hal.o
 .debug_macro   0x000191f3      0x1c6 ./Drivers/STM32F3xx_HAL_Driver/Src/stm32f3xx_hal_cortex.o
 .debug_macro   0x000193b9      0x1cd ./Drivers/STM32F3xx_HAL_Driver/Src/stm32f3xx_hal_gpio.o
 .debug_macro   0x00019586      0x1ea ./Drivers/STM32F3xx_HAL_Driver/Src/stm32f3xx_hal_rcc.o
 .debug_macro   0x00019770      0x1ce ./Drivers/STM32F3xx_HAL_Driver/Src/stm32f3xx_hal_spi.o
 .debug_macro   0x0001993e      0x1e3 ./Drivers/STM32F3xx_HAL_Driver/Src/stm32f3xx_hal_uart.o

.debug_line     0x00000000     0xea4d
 .debug_line    0x00000000      0x7d6 ./Core/Src/ioLibrary_Driver-master/Ethernet/W5500/w5500.o
 .debug_line    0x000007d6     0x1098 ./Core/Src/ioLibrary_Driver-master/Ethernet/socket.o
 .debug_line    0x0000186e      0xd8c ./Core/Src/ioLibrary_Driver-master/Ethernet/wizchip_conf.o
 .debug_line    0x000025fa      0xdef ./Core/Src/main.o
 .debug_line    0x000033e9      0x7fc ./Core/Src/stm32f3xx_hal_msp.o
 .debug_line    0x00003be5      0x811 ./Core/Src/stm32f3xx_it.o
 .debug_line    0x000043f6      0x588 ./Core/Src/sysmem.o
 .debug_line    0x0000497e      0x7dc ./Core/Src/system_stm32f3xx.o
 .debug_line    0x0000515a      0x821 ./Core/Src/modbus/db.o
 .debug_line    0x0000597b      0xcf4 ./Core/Src/modbus/modbus.o
 .debug_line    0x0000666f       0x7a ./Core/Startup/startup_stm32f303k8tx.o
 .debug_line    0x000066e9      0xa18 ./Drivers/STM32F3xx_HAL_Driver/Src/stm32f3xx_hal.o
 .debug_line    0x00007101      0xbdc ./Drivers/STM32F3xx_HAL_Driver/Src/stm32f3xx_hal_cortex.o
 .debug_line    0x00007cdd      0xb4f ./Drivers/STM32F3xx_HAL_Driver/Src/stm32f3xx_hal_gpio.o
 .debug_line    0x0000882c     0x1577 ./Drivers/STM32F3xx_HAL_Driver/Src/stm32f3xx_hal_rcc.o
 .debug_line    0x00009da3     0x20a8 ./Drivers/STM32F3xx_HAL_Driver/Src/stm32f3xx_hal_spi.o
 .debug_line    0x0000be4b     0x2c02 ./Drivers/STM32F3xx_HAL_Driver/Src/stm32f3xx_hal_uart.o

.debug_str      0x00000000    0xa1d33
 .debug_str     0x00000000    0xa1d33 ./Core/Src/ioLibrary_Driver-master/Ethernet/W5500/w5500.o
                               0x6c44 (size before relaxing)
 .debug_str     0x000a1d33     0x78d1 ./Core/Src/ioLibrary_Driver-master/Ethernet/socket.o
 .debug_str     0x000a1d33     0x765d ./Core/Src/ioLibrary_Driver-master/Ethernet/wizchip_conf.o
 .debug_str     0x000a1d33    0x9ec53 ./Core/Src/main.o
 .debug_str     0x000a1d33    0x97542 ./Core/Src/stm32f3xx_hal_msp.o
 .debug_str     0x000a1d33    0x96ed5 ./Core/Src/stm32f3xx_it.o
 .debug_str     0x000a1d33     0x7774 ./Core/Src/sysmem.o
 .debug_str     0x000a1d33    0x96ca5 ./Core/Src/system_stm32f3xx.o
 .debug_str     0x000a1d33     0x7640 ./Core/Src/modbus/db.o
 .debug_str     0x000a1d33    0x9a6bd ./Core/Src/modbus/modbus.o
 .debug_str     0x000a1d33       0x76 ./Core/Startup/startup_stm32f303k8tx.o
 .debug_str     0x000a1d33    0x97395 ./Drivers/STM32F3xx_HAL_Driver/Src/stm32f3xx_hal.o
 .debug_str     0x000a1d33    0x972ba ./Drivers/STM32F3xx_HAL_Driver/Src/stm32f3xx_hal_cortex.o
 .debug_str     0x000a1d33    0x96e84 ./Drivers/STM32F3xx_HAL_Driver/Src/stm32f3xx_hal_gpio.o
 .debug_str     0x000a1d33    0x97145 ./Drivers/STM32F3xx_HAL_Driver/Src/stm32f3xx_hal_rcc.o
 .debug_str     0x000a1d33    0x975bd ./Drivers/STM32F3xx_HAL_Driver/Src/stm32f3xx_hal_spi.o
 .debug_str     0x000a1d33    0x979c8 ./Drivers/STM32F3xx_HAL_Driver/Src/stm32f3xx_hal_uart.o

.comment        0x00000000       0x43
 .comment       0x00000000       0x43 ./Core/Src/ioLibrary_Driver-master/Ethernet/W5500/w5500.o
                                 0x44 (size before relaxing)
 .comment       0x00000043       0x44 ./Core/Src/ioLibrary_Driver-master/Ethernet/socket.o
 .comment       0x00000043       0x44 ./Core/Src/ioLibrary_Driver-master/Ethernet/wizchip_conf.o
 .comment       0x00000043       0x44 ./Core/Src/main.o
 .comment       0x00000043       0x44 ./Core/Src/stm32f3xx_hal_msp.o
 .comment       0x00000043       0x44 ./Core/Src/stm32f3xx_it.o
 .comment       0x00000043       0x44 ./Core/Src/sysmem.o
 .comment       0x00000043       0x44 ./Core/Src/system_stm32f3xx.o
 .comment       0x00000043       0x44 ./Core/Src/modbus/db.o
 .comment       0x00000043       0x44 ./Core/Src/modbus/modbus.o
 .comment       0x00000043       0x44 ./Drivers/STM32F3xx_HAL_Driver/Src/stm32f3xx_hal.o
 .comment       0x00000043       0x44 ./Drivers/STM32F3xx_HAL_Driver/Src/stm32f3xx_hal_cortex.o
 .comment       0x00000043       0x44 ./Drivers/STM32F3xx_HAL_Driver/Src/stm32f3xx_hal_gpio.o
 .comment       0x00000043       0x44 ./Drivers/STM32F3xx_HAL_Driver/Src/stm32f3xx_hal_rcc.o
 .comment       0x00000043       0x44 ./Drivers/STM32F3xx_HAL_Driver/Src/stm32f3xx_hal_spi.o
 .comment       0x00000043       0x44 ./Drivers/STM32F3xx_HAL_Driver/Src/stm32f3xx_hal_uart.o

.debug_frame    0x00000000     0x3528
 .debug_frame   0x00000000      0x16c ./Core/Src/ioLibrary_Driver-master/Ethernet/W5500/w5500.o
 .debug_frame   0x0000016c      0x2b0 ./Core/Src/ioLibrary_Driver-master/Ethernet/socket.o
 .debug_frame   0x0000041c      0x61c ./Core/Src/ioLibrary_Driver-master/Ethernet/wizchip_conf.o
 .debug_frame   0x00000a38      0x23c ./Core/Src/main.o
 .debug_frame   0x00000c74       0xc8 ./Core/Src/stm32f3xx_hal_msp.o
 .debug_frame   0x00000d3c      0x104 ./Core/Src/stm32f3xx_it.o
 .debug_frame   0x00000e40       0x34 ./Core/Src/sysmem.o
 .debug_frame   0x00000e74       0x58 ./Core/Src/system_stm32f3xx.o
 .debug_frame   0x00000ecc      0x1fc ./Core/Src/modbus/db.o
 .debug_frame   0x000010c8      0x17c ./Core/Src/modbus/modbus.o
 .debug_frame   0x00001244      0x334 ./Drivers/STM32F3xx_HAL_Driver/Src/stm32f3xx_hal.o
 .debug_frame   0x00001578      0x428 ./Drivers/STM32F3xx_HAL_Driver/Src/stm32f3xx_hal_cortex.o
 .debug_frame   0x000019a0      0x14c ./Drivers/STM32F3xx_HAL_Driver/Src/stm32f3xx_hal_gpio.o
 .debug_frame   0x00001aec      0x214 ./Drivers/STM32F3xx_HAL_Driver/Src/stm32f3xx_hal_rcc.o
 .debug_frame   0x00001d00      0x860 ./Drivers/STM32F3xx_HAL_Driver/Src/stm32f3xx_hal_spi.o
 .debug_frame   0x00002560      0x9e8 ./Drivers/STM32F3xx_HAL_Driver/Src/stm32f3xx_hal_uart.o
 .debug_frame   0x00002f48       0x20 C:/ST/STM32CubeIDE_1.17.0/STM32CubeIDE/plugins/com.st.stm32cube.ide.mcu.externaltools.gnu-tools-for-stm32.13.3.rel1.win32_1.0.0.202411081344/tools/bin/../lib/gcc/arm-none-eabi/13.3.1/../../../../arm-none-eabi/lib/thumb/v7e-m+fp/hard\libc_nano.a(libc_a-calloc.o)
 .debug_frame   0x00002f68       0x2c C:/ST/STM32CubeIDE_1.17.0/STM32CubeIDE/plugins/com.st.stm32cube.ide.mcu.externaltools.gnu-tools-for-stm32.13.3.rel1.win32_1.0.0.202411081344/tools/bin/../lib/gcc/arm-none-eabi/13.3.1/../../../../arm-none-eabi/lib/thumb/v7e-m+fp/hard\libc_nano.a(libc_a-callocr.o)
 .debug_frame   0x00002f94       0x30 C:/ST/STM32CubeIDE_1.17.0/STM32CubeIDE/plugins/com.st.stm32cube.ide.mcu.externaltools.gnu-tools-for-stm32.13.3.rel1.win32_1.0.0.202411081344/tools/bin/../lib/gcc/arm-none-eabi/13.3.1/../../../../arm-none-eabi/lib/thumb/v7e-m+fp/hard\libc_nano.a(libc_a-malloc.o)
 .debug_frame   0x00002fc4       0x50 C:/ST/STM32CubeIDE_1.17.0/STM32CubeIDE/plugins/com.st.stm32cube.ide.mcu.externaltools.gnu-tools-for-stm32.13.3.rel1.win32_1.0.0.202411081344/tools/bin/../lib/gcc/arm-none-eabi/13.3.1/../../../../arm-none-eabi/lib/thumb/v7e-m+fp/hard\libc_nano.a(libc_a-mallocr.o)
 .debug_frame   0x00003014       0x30 C:/ST/STM32CubeIDE_1.17.0/STM32CubeIDE/plugins/com.st.stm32cube.ide.mcu.externaltools.gnu-tools-for-stm32.13.3.rel1.win32_1.0.0.202411081344/tools/bin/../lib/gcc/arm-none-eabi/13.3.1/../../../../arm-none-eabi/lib/thumb/v7e-m+fp/hard\libc_nano.a(libc_a-mlock.o)
 .debug_frame   0x00003044      0x144 C:/ST/STM32CubeIDE_1.17.0/STM32CubeIDE/plugins/com.st.stm32cube.ide.mcu.externaltools.gnu-tools-for-stm32.13.3.rel1.win32_1.0.0.202411081344/tools/bin/../lib/gcc/arm-none-eabi/13.3.1/../../../../arm-none-eabi/lib/thumb/v7e-m+fp/hard\libc_nano.a(libc_a-findfp.o)
 .debug_frame   0x00003188       0x4c C:/ST/STM32CubeIDE_1.17.0/STM32CubeIDE/plugins/com.st.stm32cube.ide.mcu.externaltools.gnu-tools-for-stm32.13.3.rel1.win32_1.0.0.202411081344/tools/bin/../lib/gcc/arm-none-eabi/13.3.1/../../../../arm-none-eabi/lib/thumb/v7e-m+fp/hard\libc_nano.a(libc_a-vsnprintf.o)
 .debug_frame   0x000031d4       0x28 C:/ST/STM32CubeIDE_1.17.0/STM32CubeIDE/plugins/com.st.stm32cube.ide.mcu.externaltools.gnu-tools-for-stm32.13.3.rel1.win32_1.0.0.202411081344/tools/bin/../lib/gcc/arm-none-eabi/13.3.1/../../../../arm-none-eabi/lib/thumb/v7e-m+fp/hard\libc_nano.a(libc_a-memmove.o)
 .debug_frame   0x000031fc       0x20 C:/ST/STM32CubeIDE_1.17.0/STM32CubeIDE/plugins/com.st.stm32cube.ide.mcu.externaltools.gnu-tools-for-stm32.13.3.rel1.win32_1.0.0.202411081344/tools/bin/../lib/gcc/arm-none-eabi/13.3.1/../../../../arm-none-eabi/lib/thumb/v7e-m+fp/hard\libc_nano.a(libc_a-memset.o)
 .debug_frame   0x0000321c       0x38 C:/ST/STM32CubeIDE_1.17.0/STM32CubeIDE/plugins/com.st.stm32cube.ide.mcu.externaltools.gnu-tools-for-stm32.13.3.rel1.win32_1.0.0.202411081344/tools/bin/../lib/gcc/arm-none-eabi/13.3.1/../../../../arm-none-eabi/lib/thumb/v7e-m+fp/hard\libc_nano.a(libc_a-reent.o)
 .debug_frame   0x00003254       0x2c C:/ST/STM32CubeIDE_1.17.0/STM32CubeIDE/plugins/com.st.stm32cube.ide.mcu.externaltools.gnu-tools-for-stm32.13.3.rel1.win32_1.0.0.202411081344/tools/bin/../lib/gcc/arm-none-eabi/13.3.1/../../../../arm-none-eabi/lib/thumb/v7e-m+fp/hard\libc_nano.a(libc_a-sbrkr.o)
 .debug_frame   0x00003280       0x20 C:/ST/STM32CubeIDE_1.17.0/STM32CubeIDE/plugins/com.st.stm32cube.ide.mcu.externaltools.gnu-tools-for-stm32.13.3.rel1.win32_1.0.0.202411081344/tools/bin/../lib/gcc/arm-none-eabi/13.3.1/../../../../arm-none-eabi/lib/thumb/v7e-m+fp/hard\libc_nano.a(libc_a-errno.o)
 .debug_frame   0x000032a0       0x2c C:/ST/STM32CubeIDE_1.17.0/STM32CubeIDE/plugins/com.st.stm32cube.ide.mcu.externaltools.gnu-tools-for-stm32.13.3.rel1.win32_1.0.0.202411081344/tools/bin/../lib/gcc/arm-none-eabi/13.3.1/../../../../arm-none-eabi/lib/thumb/v7e-m+fp/hard\libc_nano.a(libc_a-init.o)
 .debug_frame   0x000032cc       0xb0 C:/ST/STM32CubeIDE_1.17.0/STM32CubeIDE/plugins/com.st.stm32cube.ide.mcu.externaltools.gnu-tools-for-stm32.13.3.rel1.win32_1.0.0.202411081344/tools/bin/../lib/gcc/arm-none-eabi/13.3.1/../../../../arm-none-eabi/lib/thumb/v7e-m+fp/hard\libc_nano.a(libc_a-lock.o)
 .debug_frame   0x0000337c       0x28 C:/ST/STM32CubeIDE_1.17.0/STM32CubeIDE/plugins/com.st.stm32cube.ide.mcu.externaltools.gnu-tools-for-stm32.13.3.rel1.win32_1.0.0.202411081344/tools/bin/../lib/gcc/arm-none-eabi/13.3.1/../../../../arm-none-eabi/lib/thumb/v7e-m+fp/hard\libc_nano.a(libc_a-memcpy-stub.o)
 .debug_frame   0x000033a4       0x38 C:/ST/STM32CubeIDE_1.17.0/STM32CubeIDE/plugins/com.st.stm32cube.ide.mcu.externaltools.gnu-tools-for-stm32.13.3.rel1.win32_1.0.0.202411081344/tools/bin/../lib/gcc/arm-none-eabi/13.3.1/../../../../arm-none-eabi/lib/thumb/v7e-m+fp/hard\libc_nano.a(libc_a-freer.o)
 .debug_frame   0x000033dc       0x90 C:/ST/STM32CubeIDE_1.17.0/STM32CubeIDE/plugins/com.st.stm32cube.ide.mcu.externaltools.gnu-tools-for-stm32.13.3.rel1.win32_1.0.0.202411081344/tools/bin/../lib/gcc/arm-none-eabi/13.3.1/../../../../arm-none-eabi/lib/thumb/v7e-m+fp/hard\libc_nano.a(libc_a-nano-svfprintf.o)
 .debug_frame   0x0000346c       0x60 C:/ST/STM32CubeIDE_1.17.0/STM32CubeIDE/plugins/com.st.stm32cube.ide.mcu.externaltools.gnu-tools-for-stm32.13.3.rel1.win32_1.0.0.202411081344/tools/bin/../lib/gcc/arm-none-eabi/13.3.1/../../../../arm-none-eabi/lib/thumb/v7e-m+fp/hard\libc_nano.a(libc_a-nano-vfprintf_i.o)
 .debug_frame   0x000034cc       0x3c C:/ST/STM32CubeIDE_1.17.0/STM32CubeIDE/plugins/com.st.stm32cube.ide.mcu.externaltools.gnu-tools-for-stm32.13.3.rel1.win32_1.0.0.202411081344/tools/bin/../lib/gcc/arm-none-eabi/13.3.1/../../../../arm-none-eabi/lib/thumb/v7e-m+fp/hard\libc_nano.a(libc_a-reallocr.o)
 .debug_frame   0x00003508       0x20 C:/ST/STM32CubeIDE_1.17.0/STM32CubeIDE/plugins/com.st.stm32cube.ide.mcu.externaltools.gnu-tools-for-stm32.13.3.rel1.win32_1.0.0.202411081344/tools/bin/../lib/gcc/arm-none-eabi/13.3.1/../../../../arm-none-eabi/lib/thumb/v7e-m+fp/hard\libc_nano.a(libc_a-msizer.o)

.debug_line_str
                0x00000000       0x5a
 .debug_line_str
                0x00000000       0x5a ./Core/Startup/startup_stm32f303k8tx.o
