../Core/Src/main.c:108:6:myPrintf	152	static
../Core/Src/main.c:149:6:wizchipSelect	8	static
../Core/Src/main.c:154:6:wizchipUnselect	8	static
../Core/Src/main.c:159:6:wizchipReadBurst	16	static
../Core/Src/main.c:164:6:wizchipWriteBurst	16	static
../Core/Src/main.c:170:9:wizchipReadByte	16	static
../Core/Src/main.c:178:6:wizchipWriteByte	16	static
../Core/Src/main.c:194:6:wizChipInit	16	static
../Core/Src/main.c:212:9:checkLinkStatus	16	static
../Core/Src/main.c:226:6:slaveCallback	24	static
../Core/Src/main.c:252:5:main	608	static
../Core/Src/main.c:490:6:SystemClock_Config	72	static
../Core/Src/main.c:527:13:MX_SPI1_Init	8	static
../Core/Src/main.c:567:13:MX_USART2_UART_Init	8	static
../Core/Src/main.c:602:13:MX_GPIO_Init	40	static
../Core/Src/main.c:647:6:Error_Handler	4	static,ignoring_inline_asm
